1790473604184162537 1
1790473604360078546 1
1790473604538947701 1
1790473604719907014 1
1790473604900293687 1
1790473605079268550 1
1790473605259443340 1
1790473605436547529 1
1790473605619632011 1
1790473605798646111 1
1790473605990598233 1
1790473606179526602 1
1790473606362790409 1
1790473606544821350 1
1790473606721820815 1
1790473606903833611 1
1790473607081291180 1
1790473607258872990 1
1790473607434332837 1
1790473607613032330 1
1790473607797416741 1
1790473607973492366 1
1790473608189978097 1
1790473608369601285 1
1790473608552245217 1
1790473608733465953 1
1790473608918960085 1
1790473609097395722 1
1790473610281526226 0
1790473611463319771 0
1790473612651662013 0
1790473613844313024 0
1790473615029758479 0
1790473616209765666 0
1790473617401077866 0
1790473618586356561 0
1790473619764058628 0
1790473620953190674 0
1790473622138098588 0
1790473623326666207 0
1790473624508485075 0
1790473625684095003 0
1790473626871806699 0
1790473628056300712 0
1790473629237381532 0
1790473630418923870 0
1790473631599531982 0
1790473632775092447 0
1790473633954644752 0
1790473635135927760 0
1790473636317475223 0
1790473637499698630 0
1790473638681656204 0
1790473639869237203 0
1790473641059402550 0
1790473642248979733 0
1790473643434936092 0
1790473644626976093 0
1790473645822847888 0
1790473647002489041 0
1790473647195137777 1
1790473647382165561 1
1790473647562578535 1
1790473647746424619 1
1790473647933492918 1
1790473648129848598 1
1790473648322297997 1
1790473648514030484 1
1790473648704211115 1
1790473648887060786 1
1790473649072583883 1
1790473649263238240 1
1790473649446975011 1
1790473649639375973 1
1790473649823618150 1
1790473650018253875 1
1790473650218624279 1
1790473650419140310 1
1790473650612648770 1
1790473650807396116 1
1790473651010383708 1
1790473651198469170 1
1790473651382629052 1
1790473651569685363 1
1790473651760084481 1
1790473651946042372 1
1790473652135318857 1
1790473652321778321 1
1790473652509964885 1
1790473652693581227 1
1790473652880291022 1
1790473653066731762 1
1790473653252227563 1
1790473653439673811 1
1790473653630418416 1
1790473653823669367 1
1790473654029525369 1
1790473654233024567 1
1790473654428758684 1
1790473654618924239 1
1790473654803736979 1
1790473654986095128 1
1790473655173614503 1
1790473655365197127 1
1790473655547357528 1
1790473655740213851 1
1790473655930617146 1
1790473656131065205 1
1790473656320942388 1
1790473656513040133 1
1790473656704457541 1
1790473656894535961 1
1790473657080048686 1
1790473657264159510 1
1790473657456983486 1
1790473657642700471 1
1790473657827940068 1
1790473658015614596 1
1790473658199158169 1
1790473658384415533 1
1790473658568987889 1
1790473658759711327 1
1790473658958211126 1
1790473659157734541 1
1790473659355617179 1
1790473659551510689 1
1790473659745559314 1
1790473659946976742 1
1790473660133264066 1
1790473660320538589 1
1790473660531144809 1
1790473660727952136 1
1790473660918318733 1
1790473661100786878 1
1790473661289418210 1
1790473661480376278 1
1790473661666393547 1
1790473661859391273 1
1790473662044448769 1
1790473662230678911 1
1790473662421832965 1
1790473662634856221 1
1790473662827555571 1
1790473663018331083 1
1790473663204054547 1
1790473663392886843 1
1790473663579151970 1
1790473663763540743 1
1790473663948841292 1
1790473664143347490 1
1790473664335195754 1
1790473664530088938 1
1790473664721669362 1
1790473664947003701 1
1790473665135257779 1
1790473665322316264 1
1790473665506972697 1
1790473665694546901 1
1790473665878891953 1
1790473666063778108 1
1790473666245775250 1
1790473666433707242 1
1790473666638283229 1
1790473666824211118 1
1790473667011163079 1
1790473667197960465 1
1790473667385173742 1
1790473667578436664 1
1790473667764560221 1
1790473667950835319 1
1790473668135956344 1
1790473668321921305 1
1790473668509820118 1
1790473668699669464 1
1790473668889468135 1
1790473669082136535 1
1790473669273252169 1
1790473669458649242 1
1790473669666017312 1
1790473669862129790 1
1790473670057122620 1
1790473670240889303 1
1790473670426379597 1
1790473670620355270 1
1790473670807302940 1
1790473671005368936 1
1790473671200982095 1
1790473671386006484 1
1790473671575006007 1
1790473671773603757 1
1790473671974079758 1
1790473672179500737 1
1790473672363589695 1
1790473672561151185 1
1790473672751764022 1
1790473672934157411 1
1790473673115382137 1
1790473673293688168 1
1790473673477891234 1
1790473673685674672 1
1790473673889144355 1
1790473674093253475 1
1790473674272678327 1
1790473674453683101 1
1790473674638430046 1
1790473674830480966 1
1790473675028217141 1
1790473675213563635 1
1790473675400892918 1
1790473675576649954 1
1790473675756194313 1
1790473675939625953 1
1790473676116074776 1
1790473676298583878 1
1790473676481115152 1
1790473676667138892 1
1790473676852791713 1
1790473677029483820 1
1790473677208375939 1
1790473677388029458 1
1790473677572998578 1
1790473677759139233 1
1790473677939042864 1
1790473678137497927 1
1790473678334874543 1
1790473678512417284 1
1790473678705800272 1
1790473678888026622 1
1790473679068367168 1
1790473679243587337 1
1790473679421105118 1
1790473679598090682 1
1790473679776234220 1
1790473679957988419 1
1790473680164614679 1
1790473680350633266 1
1790473680541666825 1
1790473680720916336 1
1790473680900728389 1
1790473681079726992 1
1790473681256906316 1
1790473681436932738 1
1790473681616827326 1
1790473681791268128 1
1790473681970825828 1
1790473682156444676 1
1790473682339224132 1
1790473682515664317 1
1790473682695553955 1
1790473682873920876 1
1790473683054939003 1
1790473683237757499 1
1790473683414847097 1
1790473683595224088 1
1790473683784620200 1
1790473683965322853 1
1790473684138905216 1
1790473684315732816 1
1790473684493071528 1
1790473684673819633 1
1790473684850118231 1
1790473685025858248 1
1790473685206592245 1
1790473685391586886 1
1790473685575222499 1
1790473685760330247 1
1790473685963063757 1
1790473686166938276 1
1790473686359174036 1
1790473686553550134 1
1790473686746301496 1
1790473686936026332 1
1790473687120713807 1
1790473687303836047 1
1790473687493259407 1
1790473687686947922 1
1790473687873079466 1
1790473688062778103 1
1790473688248603987 1
1790473688435246109 1
1790473688622171349 1
1790473688810097758 1
1790473689009060246 1
1790473689193051581 1
1790473689380592395 1
1790473689568097679 1
1790473689768602390 1
1790473689972020109 1
1790473690166937468 1
1790473690354081265 1
1790473690541294575 1
1790473690730057962 1
1790473690932170607 1
1790473691131818042 1
1790473691316952242 1
1790473691498604278 1
1790473691683894517 1
1790473691870173332 1
1790473692056798791 1
1790473692247422997 1
1790473692436447251 1
1790473692627188576 1
1790473692826250130 1
1790473693019286229 1
1790473693220094767 1
1790473693432798416 1
1790473693639274122 1
1790473693835704833 1
1790473694011550994 1
1790473694190176641 1
1790473694371542988 1
1790473694560122699 1
1790473694739214710 1
1790473694913601485 1
1790473695095364654 1
1790473695271926482 1
1790473695453529935 1
1790473695630342000 1
1790473695823349873 1
1790473696017107804 1
1790473696205252070 1
1790473696385492132 1
1790473696565178309 1
1790473696742067460 1
1790473696915990122 1
1790473697105966782 1
1790473697283613366 1
1790473697457014679 1
1790473697635636960 1
1790473697835484040 1
1790473698016518125 1
1790473698190993763 1
1790473698367679781 1
1790473698540534954 1
1790473698715495405 1
1790473698892003333 1
1790473699067786599 1
1790473699246555164 1
