1790468138770212690 1
1790468138949371321 1
1790468139132740014 1
1790468139319171232 1
1790468139506071820 1
1790468139690129286 1
1790468139876127612 1
1790468140060767555 1
1790468140242352105 1
1790468140426930190 1
1790468140615852442 1
1790468140798750463 1
1790468140981369528 1
1790468141160782637 1
1790468141339487703 1
1790468141521798477 1
1790468141711445697 1
1790468141905627872 1
1790468142091416106 1
1790468142276990575 1
1790468142465701419 1
1790468142653500871 1
1790468142837616820 1
1790468143023079239 1
1790468143213096185 1
1790468143397311493 1
1790468143580672762 1
1790468143783190233 1
1790468144992056369 0
1790468146174700911 0
1790468147358076112 0
1790468148542316573 0
1790468149730169986 0
1790468150918650550 0
1790468152112643302 0
1790468153295231057 0
1790468154479389592 0
1790468155660147298 0
1790468156842714097 0
1790468158036848954 0
1790468159221517645 0
1790468160403474238 0
1790468161609070296 0
1790468162789653978 0
1790468163977819328 0
1790468165156408176 0
1790468166341247331 0
1790468167526405824 0
1790468168708469054 0
1790468169906096061 0
1790468171091544387 0
1790468172276858774 0
1790468173457827347 0
1790468174643156850 0
1790468175825537545 0
1790468177013520597 0
1790468178204874959 0
1790468179383307327 0
1790468180566301315 0
1790468181746313797 0
1790468181936081008 1
1790468182125044306 1
1790468182306518525 1
1790468182489977101 1
1790468182681296658 1
1790468182863357202 1
1790468183047697296 1
1790468183232029155 1
1790468183413550163 1
1790468183596024123 1
1790468183776279495 1
1790468183954373539 1
1790468184139406629 1
1790468184320122724 1
1790468184503512806 1
1790468184680830538 1
1790468184864523198 1
1790468185046603290 1
1790468185228042007 1
1790468185408646549 1
1790468185591885018 1
1790468185772719801 1
1790468185958469390 1
1790468186142883691 1
1790468186321957297 1
1790468186506723181 1
1790468186692301252 1
1790468186877682265 1
1790468187062864984 1
1790468187253190847 1
1790468187438197262 1
1790468187621432434 1
1790468187848268534 1
1790468188054091892 1
1790468188245482291 1
1790468188449670168 1
1790468188643504088 1
1790468188836687839 1
1790468189035730216 1
1790468189241404228 1
1790468189424221340 1
1790468189608586266 1
1790468189790068180 1
1790468189975672651 1
1790468190156251412 1
1790468190343007171 1
1790468190531994444 1
1790468190720667324 1
1790468190903688104 1
1790468191085775566 1
1790468191265708720 1
1790468191445343219 1
1790468191625196580 1
1790468191806078885 1
1790468191989972612 1
1790468192172984205 1
1790468192358125216 1
1790468192548503583 1
1790468192742837844 1
1790468192932123881 1
1790468193126651624 1
1790468193313247801 1
1790468193532350625 1
1790468193746249602 1
1790468193962939668 1
1790468194169980464 1
1790468194400379349 1
1790468194586531685 1
1790468194765565076 1
1790468194953465212 1
1790468195130418902 1
1790468195309798091 1
1790468195486159464 1
1790468195663925016 1
1790468195844277677 1
1790468196021312688 1
1790468196203701613 1
1790468196382221166 1
1790468196567173941 1
1790468196763120053 1
1790468196947996550 1
1790468197135263389 1
1790468197323093459 1
1790468197506562359 1
1790468197689907587 1
1790468197871505012 1
1790468198059382492 1
1790468198235049895 1
1790468198415173714 1
1790468198591300065 1
1790468198770776650 1
1790468198949006013 1
1790468199134688260 1
1790468199312848898 1
1790468199490501431 1
1790468199667216596 1
1790468199842969310 1
1790468200021432134 1
1790468200198616866 1
1790468200375990666 1
1790468200559512466 1
1790468200737783633 1
1790468200918355309 1
1790468201093547317 1
1790468201274877270 1
1790468201454147016 1
1790468201629488349 1
1790468201804637918 1
1790468201986132637 1
1790468202161097003 1
1790468202338616506 1
1790468202515027638 1
1790468202696880908 1
1790468202881602450 1
1790468203063089248 1
1790468203244497830 1
1790468203425045787 1
1790468203599068696 1
1790468203776573201 1
1790468203953695793 1
1790468204131856282 1
1790468204306254149 1
1790468204484252763 1
1790468204662771050 1
1790468204848024161 1
1790468205024088745 1
1790468205200671081 1
1790468205384456827 1
1790468205567588130 1
1790468205746260757 1
1790468205922129720 1
1790468206101515745 1
1790468206280006814 1
1790468206458346788 1
1790468206636301752 1
1790468206813060392 1
1790468206992117240 1
1790468207169343280 1
1790468207347249766 1
1790468207522402816 1
1790468207699611307 1
1790468207881697543 1
1790468208055060525 1
1790468208236069538 1
1790468208418186165 1
1790468208602346327 1
1790468208782988931 1
1790468208960575021 1
1790468209140588992 1
1790468209324547857 1
1790468209499193244 1
1790468209677695282 1
1790468209855377918 1
1790468210039238225 1
1790468210219941989 1
1790468210399262251 1
1790468210580937022 1
1790468210757603880 1
1790468210934138105 1
1790468211113285336 1
1790468211291544722 1
1790468211467639035 1
1790468211645788152 1
1790468211822593776 1
1790468212003941517 1
1790468212181372433 1
1790468212365316229 1
1790468212543619000 1
1790468212723423887 1
1790468212900121246 1
1790468213080182470 1
1790468213263035885 1
1790468213442597074 1
1790468213625131361 1
1790468213806079703 1
1790468213993337032 1
1790468214169070547 1
1790468214349732104 1
1790468214527557932 1
1790468214706447070 1
1790468214886529974 1
1790468215065381429 1
1790468215241942202 1
1790468215419142753 1
1790468215593148680 1
1790468215772308932 1
1790468215950245084 1
1790468216131610716 1
1790468216308224747 1
1790468216483052995 1
1790468216664513115 1
1790468216840938060 1
1790468217018893617 1
1790468217196315604 1
1790468217371423295 1
1790468217552604781 1
1790468217730758091 1
1790468217910364617 1
1790468218086861049 1
1790468218269473010 1
1790468218445946743 1
1790468218626746549 1
1790468218810128619 1
1790468218994935376 1
1790468219175673894 1
1790468219361567291 1
1790468219547291849 1
1790468219724147480 1
1790468219907746486 1
1790468220084659131 1
1790468220266526578 1
1790468220447236465 1
1790468220625627110 1
1790468220805430222 1
1790468220986437170 1
1790468221169083404 1
1790468221348099461 1
1790468221530387110 1
1790468221707104317 1
1790468221895611990 1
1790468222077662029 1
1790468222256828475 1
1790468222436546920 1
1790468222616652889 1
1790468222796135367 1
1790468222975316095 1
1790468223150620483 1
1790468223327511698 1
1790468223507539395 1
1790468223688470840 1
1790468223869475137 1
1790468224050286836 1
1790468224237176992 1
1790468224419232516 1
1790468224601643897 1
1790468224779163750 1
1790468224971025503 1
1790468225152165398 1
1790468225339374711 1
1790468225516957716 1
1790468225697321095 1
1790468225875136520 1
1790468226049764389 1
1790468226226343060 1
1790468226403808454 1
1790468226580453914 1
1790468226761718532 1
1790468226944142345 1
1790468227126373240 1
1790468227304245547 1
1790468227484416074 1
1790468227666350433 1
1790468227840404273 1
1790468228015546351 1
1790468228192632553 1
1790468228365780282 1
1790468228544205218 1
1790468228729197607 1
1790468228910558348 1
1790468229092994952 1
1790468229275776214 1
1790468229454125876 1
1790468229634686759 1
1790468229815408879 1
1790468230003461896 1
1790468230186516147 1
1790468230364011251 1
1790468230546666970 1
1790468230723237845 1
1790468230905358458 1
1790468231085579476 1
1790468231263919783 1
1790468231443067071 1
1790468231617187220 1
1790468231795377223 1
1790468231976000098 1
1790468232153382633 1
1790468232332566853 1
1790468232508910092 1
1790468232686044395 1
1790468232867075237 1
1790468233053243561 1
1790468233230398845 1
1790468233442578510 1
1790468233636412597 1
1790468233816249028 1
1790468233995429906 1
