1790474924079720168 1
1790474924258912652 1
1790474924437141198 1
1790474924622115989 1
1790474924798594660 1
1790474924977249691 1
1790474925155784336 1
1790474925334800834 1
1790474925513854673 1
1790474925696599391 1
1790474925889291424 1
1790474926072325081 1
1790474926250376848 1
1790474926431786961 1
1790474926639266500 1
1790474926821957564 1
1790474927010099887 1
1790474927201617772 1
1790474927379072319 1
1790474927557359840 1
1790474927735514207 1
1790474927913796685 1
1790474928088025499 1
1790474928267029744 1
1790474928454198965 1
1790474928631325738 1
1790474928808658577 1
1790474928986858148 1
1790474930184095377 0
1790474931363139717 0
1790474932542475837 0
1790474933725922192 0
1790474934906254649 0
1790474936088265668 0
1790474937264677126 0
1790474938445844578 0
1790474939628974875 0
1790474940821328324 0
1790474942003919918 0
1790474943207780327 0
1790474944392756418 0
1790474945575001317 0
1790474946775302269 0
1790474947959772080 0
1790474949144549392 0
1790474950329287513 0
1790474951511186641 0
1790474952687535931 0
1790474953869813063 0
1790474955057673140 0
1790474956235812369 0
1790474957423163150 0
1790474958599905342 0
1790474959782155461 0
1790474960971153410 0
1790474962155406365 0
1790474963338007821 0
1790474964520629640 0
1790474965706918831 0
1790474966883930287 0
1790474968064372898 0
1790474969241290313 0
1790474970426367393 0
1790474971607192798 0
1790474972794328678 0
1790474973978986218 0
1790474975180012199 0
1790474976361267856 0
1790474977542327538 0
1790474978719750233 0
1790474979896785504 0
1790474981083525911 0
1790474982266711720 0
1790474983446796572 0
1790474984647392667 0
1790474985826493833 0
1790474987010722250 0
1790474988194756504 0
1790474989370657693 0
1790474990553109640 0
1790474991753134994 0
1790474992934252438 0
1790474994111101717 0
1790474995297964324 0
1790474996477263943 0
1790474997660255649 0
1790474998844373332 0
1790475000030765717 0
1790475001219754058 0
1790475002401965491 0
1790475003582390072 0
1790475004767131482 0
1790475005958308065 0
1790475007142193456 0
1790475008321139100 0
1790475009501171990 0
1790475010686582042 0
1790475011878090357 0
1790475013113382234 0
1790475014305478059 0
1790475015491987124 0
1790475016678172061 0
1790475017867605617 0
1790475019059970812 0
1790475020252684476 0
1790475021445565499 0
1790475022633259891 0
1790475023835282118 0
1790475025023042701 0
1790475026213498329 0
1790475027401341497 0
1790475028584774464 0
1790475029777225603 0
1790475030994097593 0
1790475032208647211 0
1790475033393116515 0
1790475034596631294 0
1790475035782511260 0
1790475036967562360 0
1790475038152113477 0
1790475039339294853 0
1790475040550506912 0
1790475041738939956 0
1790475042932178069 0
1790475044121524002 0
1790475045308527575 0
1790475046492283618 0
1790475047681982890 0
1790475048866237770 0
1790475050059724139 0
1790475051247750461 0
1790475052439741746 0
1790475053627050848 0
1790475054833508235 0
1790475056027017258 0
1790475056215042252 1
1790475056397472732 1
1790475056584607676 1
1790475056774241013 1
1790475056966400808 1
1790475057150719598 1
1790475057340009378 1
1790475057525956529 1
1790475057709153932 1
1790475057894585448 1
1790475058077994857 1
1790475058271624908 1
1790475058468668643 1
1790475058659964465 1
1790475058853280050 1
1790475059043501172 1
1790475059233090626 1
1790475059439512735 1
1790475059621176966 1
1790475059810917086 1
1790475060017272189 1
1790475060214947172 1
1790475060406308358 1
1790475060590534557 1
1790475060781226603 1
1790475060968781130 1
1790475061152505795 1
1790475061340117934 1
1790475061537716827 1
1790475061719471163 1
1790475061906731396 1
1790475062096024371 1
1790475062292648909 1
1790475062484470941 1
1790475062675344982 1
1790475062879541059 1
1790475063071447490 1
1790475063263405903 1
1790475063446201817 1
1790475063631809777 1
1790475063818630727 1
1790475064003110714 1
1790475064191413225 1
1790475064377431672 1
1790475064555665604 1
1790475064740519774 1
1790475064922511095 1
1790475065125086088 1
1790475065343291882 1
1790475065553194436 1
1790475065742494640 1
1790475065935814675 1
1790475066134659355 1
1790475066323669685 1
1790475066502701383 1
1790475066687338243 1
1790475066874734416 1
1790475067057614310 1
1790475067233963475 1
1790475067411744187 1
1790475067596635531 1
1790475067774992180 1
1790475067955405331 1
1790475068134565615 1
1790475068317705664 1
1790475068508792353 1
1790475068690326983 1
1790475068888623764 1
1790475069069174486 1
1790475069263798994 1
1790475069451550933 1
1790475069637731031 1
1790475069823393715 1
1790475070012706375 1
1790475070213629060 1
1790475070403577137 1
1790475070595212156 1
1790475070778610230 1
1790475070965601445 1
1790475071149024702 1
1790475071335158628 1
1790475071516292372 1
1790475071699022648 1
1790475071882784643 1
1790475072068816447 1
1790475072253293177 1
1790475072434151089 1
1790475072625615124 1
1790475072814055827 1
1790475072994972784 1
1790475073176762864 1
1790475073365994741 1
1790475073550510373 1
1790475073741211331 1
1790475073918468392 1
1790475074097053479 1
1790475074304936187 1
1790475074487057934 1
1790475074669562944 1
1790475074854147638 1
1790475075040393555 1
1790475075239991578 1
1790475075434671733 1
1790475075622286668 1
1790475075809504086 1
1790475075990445047 1
1790475076177798943 1
1790475076365264090 1
1790475076555840714 1
1790475076742558446 1
1790475076926652059 1
1790475077111094590 1
1790475077297497696 1
1790475077480513609 1
1790475077660625330 1
1790475077842572785 1
1790475078019189914 1
1790475078211661357 1
1790475078394395364 1
1790475078577051307 1
1790475078759414832 1
1790475078940380978 1
1790475079120346026 1
1790475079300109780 1
1790475079487401365 1
1790475079677805200 1
1790475079864670459 1
1790475080043452384 1
1790475080231576709 1
1790475080413417476 1
1790475080609858105 1
1790475080793252179 1
1790475080983882202 1
1790475081173684515 1
1790475081362620184 1
1790475081552961632 1
1790475081743029126 1
1790475081933881743 1
1790475082113510063 1
1790475082294446410 1
1790475082475435466 1
1790475082650382202 1
1790475082831382907 1
1790475083008393391 1
1790475083193477769 1
1790475083377098989 1
1790475083559564944 1
1790475083744012556 1
1790475083925047082 1
1790475084105790482 1
1790475084291412858 1
1790475084471420287 1
1790475084651739563 1
1790475084835523244 1
1790475085012631514 1
1790475085198035722 1
1790475085375450746 1
1790475085558797058 1
1790475085744970664 1
1790475085923933604 1
1790475086108485522 1
1790475086297518425 1
1790475086488556613 1
1790475086676280981 1
1790475086866519039 1
1790475087048563025 1
1790475087228929737 1
1790475087412301257 1
1790475087593221636 1
1790475087772159640 1
1790475087951930661 1
1790475088134552507 1
1790475088316872286 1
1790475088499926059 1
1790475088681981616 1
1790475088868431049 1
1790475089051323020 1
1790475089246642863 1
1790475089438727939 1
1790475089636464966 1
1790475089818307312 1
1790475089997999595 1
1790475090176680609 1
1790475090359507351 1
1790475090539631338 1
1790475090732030597 1
1790475090926742181 1
1790475091110564711 1
1790475091302267947 1
1790475091506256285 1
1790475091691227359 1
1790475091905438205 1
1790475092095777293 1
1790475092278565278 1
1790475092469894593 1
1790475092652543547 1
1790475092838589254 1
1790475093031262187 1
1790475093225033167 1
1790475093412821546 1
1790475093606160261 1
1790475093786118329 1
1790475093961964271 1
1790475094138733411 1
1790475094331360223 1
1790475094522199093 1
1790475094703023958 1
1790475094888195477 1
1790475095069149260 1
1790475095249400643 1
1790475095433736886 1
1790475095619128160 1
1790475095830199897 1
1790475096028422710 1
1790475096248735132 1
1790475096460720284 1
1790475096647601811 1
1790475096833939874 1
1790475097023405541 1
1790475097211554110 1
1790475097404994838 1
1790475097589571864 1
1790475097785811526 1
1790475097963616364 1
1790475098141588535 1
1790475098326083069 1
1790475098511354933 1
1790475098701066045 1
1790475098883028795 1
1790475099068331088 1
1790475099244756431 1
1790475099420626691 1
1790475099617622259 1
1790475099802490921 1
1790475099983309685 1
1790475100200940033 1
1790475100387635009 1
1790475100566459203 1
1790475100780059176 1
1790475100966887057 1
1790475101146215424 1
1790475101328330016 1
1790475101517313414 1
1790475101696149096 1
1790475101876637621 1
1790475102058770795 1
1790475102252584574 1
1790475102437776543 1
1790475102619551621 1
1790475102800351857 1
1790475102981087270 1
1790475103161632724 1
1790475103336241264 1
1790475103520760731 1
1790475103698045689 1
1790475103877377204 1
1790475104058338315 1
1790475104240621704 1
1790475104423556676 1
1790475104607459374 1
1790475104803013399 1
1790475105005185793 1
1790475105185984164 1
1790475105366749706 1
1790475105549934187 1
1790475105742784438 1
1790475105925787413 1
1790475106106432047 1
1790475106299483885 1
1790475106486158058 1
1790475106703327699 1
1790475106893380288 1
1790475107076778347 1
1790475107261789263 1
1790475107446646675 1
1790475107633213076 1
1790475107818895836 1
1790475108005272820 1
1790475108207716583 1
1790475108387262745 1
1790475108568124828 1
1790475108806393150 1
1790475109020380196 1
1790475109225468385 1
1790475109505031682 1
1790475109731065676 1
1790475109934252449 1
1790475110143739394 1
1790475110352722591 1
1790475110538630789 1
1790475110719057195 1
1790475110898646614 1
1790475111073087994 1
1790475111251671015 1
1790475111436016315 1
1790475111618699470 1
1790475111820150987 1
1790475112001458715 1
1790475112186514344 1
1790475112372533823 1
1790475112558754355 1
1790475112753102944 1
1790475112975186756 1
1790475113205368709 1
1790475113400678614 1
1790475113584984590 1
1790475113774276284 1
1790475113968612566 1
1790475114158667225 1
1790475114355716035 1
1790475114542084983 1
1790475114739348481 1
1790475114938699205 1
1790475115133646900 1
1790475115324066650 1
1790475115506010899 1
1790475115697205978 1
1790475115881559766 1
1790475116057082938 1
1790475116237075868 1
1790475116419213040 1
1790475116600772586 1
1790475116781307101 1
1790475116971628098 1
1790475117177506378 1
1790475117362018078 1
1790475117549670490 1
1790475117738323258 1
1790475117928828471 1
1790475118110477620 1
1790475118302796551 1
1790475118504888063 1
1790475118710178536 1
1790475118898646567 1
1790475119102083052 1
1790475119286500650 1
1790475119476856956 1
1790475119664260028 1
1790475119866143092 1
1790475120062442802 1
1790475120252420972 1
1790475120432805600 1
1790475120617636245 1
1790475120807978863 1
1790475121005038396 1
1790475121203039401 1
1790475121435226573 1
1790475121643489430 1
1790475121861649521 1
1790475122079379288 1
1790475122288580027 1
1790475122495903494 1
1790475122683410295 1
1790475122863413947 1
1790475123050679236 1
1790475123232193330 1
1790475123431676544 1
1790475123641753878 1
1790475123854621752 1
1790475124067281767 1
1790475124309785022 1
1790475124517073379 1
1790475124706568895 1
1790475124905095367 1
1790475125094634193 1
1790475125284135295 1
1790475125473931223 1
1790475125660065904 1
1790475125838346391 1
1790475126023177069 1
1790475126226662408 1
1790475126426237655 1
1790475126616226479 1
1790475126812045951 1
1790475127036164098 1
1790475127271796273 1
1790475127481675329 1
1790475127678354977 1
1790475127861568151 1
1790475128058983002 1
1790475128234468216 1
1790475128421498787 1
1790475128611444116 1
1790475128798946679 1
1790475128987975725 1
1790475129175767237 1
1790475129354769262 1
1790475129535339767 1
1790475129715126904 1
1790475129894913629 1
1790475130089514815 1
1790475130286662522 1
1790475130466596833 1
1790475130647238650 1
1790475130836336614 1
1790475131022911116 1
1790475131212558436 1
1790475131400168522 1
1790475131587873613 1
1790475131787717735 1
1790475131980734155 1
1790475132174390308 1
1790475132366959048 1
1790475132547529296 1
1790475132724022372 1
1790475132914800654 1
1790475133131284207 1
1790475133327128704 1
1790475133515735389 1
1790475133730257952 1
1790475133921670485 1
1790475134130455808 1
1790475134319465175 1
1790475134538529477 1
1790475134756490580 1
1790475134975305919 1
1790475135172037383 1
1790475135369831020 1
1790475135557517611 1
1790475135741762737 1
1790475135925427320 1
1790475136117308498 1
1790475136302393641 1
1790475136484323806 1
1790475136664222640 1
1790475136850722863 1
1790475137032296901 1
1790475137218690322 1
1790475137407554694 1
1790475137585711075 1
1790475137770312896 1
1790475137968369174 1
1790475138153280135 1
1790475138342989576 1
1790475138540568862 1
1790475138753160550 1
1790475138945631456 1
1790475139139468143 1
1790475139354440365 1
1790475139550081178 1
1790475139749496282 1
1790475139978614085 1
1790475140173958246 1
1790475140371799925 1
1790475140565239884 1
1790475140753345722 1
1790475140938519160 1
1790475141133099617 1
1790475141320320797 1
1790475141501053186 1
1790475141707482062 1
1790475141897282601 1
1790475142116576426 1
1790475142335895252 1
1790475142523217427 1
1790475142717011366 1
1790475142945548410 1
1790475143143665728 1
1790475143347476369 1
1790475143544307094 1
1790475143736114055 1
1790475143930436672 1
1790475144111404101 1
1790475144296481191 1
1790475144520516073 1
1790475144711018246 1
1790475144921579142 1
1790475145109994452 1
1790475145296155381 1
1790475145481845205 1
1790475145669626781 1
1790475145889025125 1
1790475146077535824 1
1790475146257885282 1
1790475146444542385 1
1790475146628711540 1
1790475146808645561 1
1790475146987760121 1
1790475147170778388 1
1790475147370728804 1
1790475147549730068 1
1790475147733269770 1
1790475147915836887 1
1790475148094321462 1
1790475148274835401 1
1790475148454354940 1
1790475148682127934 1
1790475148868718349 1
1790475149066731284 1
1790475149275414807 1
1790475149460894251 1
1790475149639338608 1
1790475149822939012 1
1790475150011153131 1
1790475150207395032 1
1790475150417800775 1
1790475150607796066 1
1790475150795360006 1
1790475150982017092 1
1790475151165431746 1
1790475151370592342 1
1790475151554368387 1
1790475151733849933 1
1790475151922440554 1
1790475152115269493 1
1790475152300424104 1
1790475152481244364 1
1790475152655444714 1
1790475152839355945 1
1790475153022195250 1
1790475153205212318 1
1790475153391481332 1
1790475153590718117 1
1790475153778084409 1
1790475153961368991 1
1790475154161960683 1
1790475154345361618 1
1790475154527850855 1
1790475154704569386 1
1790475154884281025 1
1790475155066984669 1
1790475155249909454 1
1790475155430931107 1
1790475155619018366 1
1790475155800098573 1
1790475155975158593 1
1790475156153049590 1
1790475156335979915 1
1790475156513023270 1
1790475156689360556 1
1790475156866800590 1
1790475157048110778 1
1790475157228390259 1
1790475157407547816 1
1790475157583278325 1
1790475157757908632 1
1790475157931690462 1
1790475158112118519 1
1790475158292206600 1
1790475158469095711 1
1790475158648516953 1
1790475158823655764 1
1790475158998384844 1
1790475159174994870 1
1790475159352132776 1
1790475159526761676 1
1790475159702571139 1
1790475159883626042 1
1790475160061617134 1
1790475160237555065 1
1790475160415989330 1
1790475160598770863 1
1790475160778955676 1
1790475160960824479 1
1790475161146411412 1
1790475161324745296 1
1790475161495757727 1
1790475161677791542 1
1790475161857093782 1
1790475162033526560 1
1790475162211443973 1
1790475162391047123 1
1790475162566676488 1
1790475162742084738 1
1790475162920380224 1
1790475163099446789 1
1790475163285339455 1
1790475163468139556 1
1790475163662895759 1
1790475163862106671 1
1790475164041397017 1
1790475164249958023 1
1790475164436616731 1
1790475164623084180 1
1790475164823460072 1
1790475165004313829 1
1790475165181794384 1
1790475165364516999 1
1790475165545631928 1
1790475165720798395 1
1790475165914630565 1
1790475166115180640 1
1790475166313061404 1
1790475166501079604 1
1790475166700445557 1
1790475166881427033 1
1790475167079193087 1
1790475167272232139 1
1790475167455952413 1
1790475167635441598 1
1790475167822093030 1
1790475168001699692 1
1790475168202356541 1
1790475168380751564 1
1790475168563948215 1
1790475168750992731 1
1790475168930914882 1
1790475169116365216 1
1790475169295101267 1
1790475169469820725 1
1790475169662901706 1
1790475169845792013 1
1790475170024794060 1
1790475170215384681 1
1790475170403738988 1
1790475170585919556 1
1790475170785783452 1
1790475170987831552 1
1790475171179889985 1
1790475171384849553 1
1790475171573188878 1
1790475171753493387 1
1790475171929055508 1
1790475172106161018 1
1790475172283956375 1
1790475172460632511 1
1790475172637900464 1
1790475172813171690 1
1790475172988830409 1
1790475173162952307 1
1790475173341176837 1
1790475173531652595 1
1790475173732334195 1
1790475173916264389 1
1790475174119521964 1
1790475174309834693 1
1790475174504858388 1
1790475174713647198 1
1790475174918668074 1
1790475175139046270 1
1790475175385100084 1
1790475175584481934 1
1790475175817802808 1
1790475176057692862 1
1790475176266288959 1
1790475176451000064 1
1790475176632758144 1
1790475176882763889 1
1790475177078044928 1
1790475177274283478 1
1790475177508528010 1
1790475177692123362 1
1790475177905794128 1
1790475178110726700 1
1790475178322048918 1
1790475178528837632 1
1790475178735078826 1
1790475178933231587 1
1790475179140657712 1
1790475179341592646 1
1790475179539028286 1
1790475179730624133 1
1790475179958554198 1
1790475180178545578 1
1790475180383973785 1
1790475180611465804 1
1790475180840672438 1
1790475181056703277 1
1790475181276086215 1
1790475181496864958 1
1790475181713654260 1
1790475181940300969 1
1790475182147286880 1
1790475182375705988 1
1790475182570474281 1
1790475182765039988 1
1790475182953430815 1
1790475183146934716 1
1790475183337316651 1
1790475183526544801 1
1790475183713702995 1
1790475183897271414 1
1790475184074235529 1
1790475184257656480 1
1790475184438508639 1
1790475184626366995 1
1790475184809257230 1
1790475184988782614 1
1790475185180737654 1
1790475185392387813 1
1790475185575656675 1
1790475185756447834 1
1790475185943543214 1
1790475186126268956 1
1790475186309189483 1
1790475186489594080 1
1790475186672345441 1
1790475186863404707 1
1790475187045980927 1
1790475187266648605 1
1790475187472508071 1
1790475187664648224 1
1790475187865207391 1
1790475188072426858 1
1790475188289155246 1
1790475188489365160 1
1790475188696192974 1
1790475188882437822 1
1790475189060310501 1
1790475189241462338 1
