1790474599371722396 1
1790474599545790626 1
1790474599720067484 1
1790474599899211686 1
1790474600078847547 1
1790474600261267905 1
1790474600437469804 1
1790474600615102189 1
1790474600792112796 1
1790474600970663078 1
1790474601151665947 1
1790474601333551749 1
1790474601506684899 1
1790474601683965261 1
1790474601863762757 1
1790474602037649646 1
1790474602216083158 1
1790474602392165700 1
1790474602569983468 1
1790474602744169384 1
1790474602922991909 1
1790474603099153431 1
1790474603279702323 1
1790474603460219597 1
1790474603637179306 1
1790474603834853186 1
1790474604020622591 1
1790474604205968964 1
1790474605407282434 0
1790474606582704512 0
1790474607760397520 0
1790474608939390899 0
1790474610121837838 0
1790474611306989568 0
1790474612480920248 0
1790474613658654749 0
1790474614839031549 0
1790474616017778569 0
1790474617193075324 0
1790474618375476417 0
1790474619550283571 0
1790474620733810159 0
1790474621918605797 0
1790474623108116947 0
1790474624292283509 0
1790474625472002331 0
1790474626647972480 0
1790474627825546096 0
1790474629000888909 0
1790474630178829374 0
1790474631359385365 0
1790474632543166944 0
1790474633720207729 0
1790474634901673050 0
1790474636081050490 0
1790474637260159973 0
1790474638447585102 0
1790474639631349706 0
1790474640813318368 0
1790474641995013384 0
1790474643171637301 0
1790474644347253545 0
1790474645524025693 0
1790474646704247632 0
1790474647887097136 0
1790474649063794090 0
1790474650242470493 0
1790474651422971948 0
1790474652604716188 0
1790474653785758847 0
1790474654966505262 0
1790474656145244196 0
1790474657326445786 0
1790474658503577856 0
1790474659678515375 0
1790474660857316212 0
1790474662036003185 0
1790474663221008023 0
1790474664399179019 0
1790474665576802610 0
1790474666752023989 0
1790474667945367096 0
1790474669121705414 0
1790474670305562078 0
1790474671481946197 0
1790474672658328743 0
1790474673840923970 0
1790474675025200738 0
1790474676201877434 0
1790474677376202545 0
1790474678555024899 0
1790474679731492987 0
1790474680908484999 0
1790474682087078559 0
1790474683262804529 0
1790474684444003396 0
1790474685624570546 0
1790474686800811730 0
1790474687980165783 0
1790474689164159909 0
1790474690346756452 0
1790474691527389497 0
1790474692705268457 0
1790474693889390448 0
1790474695077069002 0
1790474696255675518 0
1790474697437755980 0
1790474698616260130 0
1790474699797992111 0
1790474700975987633 0
1790474702147421295 0
1790474703323891143 0
1790474704509777181 0
1790474705695303458 0
1790474706873151264 0
1790474708048298366 0
1790474709227121183 0
1790474710412649330 0
1790474711587896720 0
1790474712769054402 0
1790474713946590641 0
1790474715129625530 0
1790474716314460082 0
1790474717489159134 0
1790474718665654157 0
1790474719841846345 0
1790474721021353166 0
1790474722200286291 0
1790474723379129657 0
1790474724559608686 0
1790474725739306327 0
1790474726921241057 0
1790474728100378512 0
1790474729281037637 0
1790474730456515301 0
1790474731632188504 0
1790474732813383546 0
1790474733988026245 0
1790474735169386458 0
1790474736347931067 0
1790474737527569098 0
1790474738707063999 0
1790474739891069673 0
1790474741067264541 0
1790474742247942157 0
1790474743425110419 0
1790474744612165240 0
1790474745790011511 0
1790474746995352174 0
1790474748177193424 0
1790474749351528854 0
1790474750532278747 0
1790474751710841123 0
1790474752897457900 0
1790474754079519657 0
1790474755256640881 0
1790474756430928922 0
1790474757609958939 0
1790474758793263763 0
1790474759970150060 0
1790474761151413058 0
1790474762331996033 0
1790474763509796428 0
1790474764686432256 0
1790474765868364398 0
1790474767043272680 0
1790474768220815685 0
1790474769399704144 0
1790474770576649366 0
1790474771752196023 0
1790474772933982045 0
1790474774112327334 0
1790474775287766127 0
1790474776464173404 0
1790474777641369887 0
1790474778813673317 0
1790474779998298890 0
1790474781176940420 0
1790474782353589833 0
1790474783531506523 0
1790474784714900172 0
1790474785893324874 0
1790474787069726103 0
1790474787249391635 1
1790474787424958124 1
1790474787602059708 1
1790474787776527915 1
1790474787954002008 1
1790474788137366801 1
1790474788324024675 1
1790474788502661797 1
1790474788685113532 1
1790474788865849097 1
1790474789056364431 1
1790474789238689688 1
1790474789421152028 1
1790474789601403098 1
1790474789786457536 1
1790474789962240111 1
1790474790145561450 1
1790474790322037070 1
1790474790498814943 1
1790474790676573225 1
1790474790857444112 1
1790474791031851312 1
1790474791209184503 1
1790474791383419817 1
1790474791564420258 1
1790474791739512443 1
1790474791919028977 1
1790474792098098806 1
1790474792278243699 1
1790474792454326481 1
1790474792631349744 1
1790474792806593152 1
1790474792982296078 1
1790474793161660224 1
1790474793338915509 1
1790474793518537357 1
1790474793696580872 1
1790474793873468302 1
1790474794050728623 1
1790474794238236167 1
1790474794417787534 1
1790474794599351713 1
1790474794781061722 1
1790474794961431232 1
1790474795141924278 1
1790474795319496670 1
1790474795492460125 1
1790474795670338826 1
1790474795846913827 1
1790474796025663377 1
1790474796206397525 1
1790474796385188545 1
1790474796563677655 1
1790474796737273492 1
1790474796914673563 1
1790474797088247413 1
1790474797267381326 1
1790474797445036414 1
1790474797622860041 1
1790474797798304619 1
1790474797975275558 1
1790474798155697514 1
1790474798333478379 1
1790474798507964908 1
1790474798683351935 1
1790474798860381975 1
1790474799043999537 1
1790474799223251439 1
1790474799399345774 1
1790474799573160062 1
1790474799759482478 1
1790474799942612836 1
1790474800127035071 1
1790474800306508684 1
1790474800488567970 1
1790474800665737226 1
1790474800844388965 1
1790474801020062472 1
1790474801195917902 1
1790474801371452555 1
1790474801552581700 1
1790474801733622655 1
1790474801911523556 1
1790474802089727695 1
1790474802267369408 1
1790474802447118053 1
1790474802626283537 1
1790474802805030897 1
1790474802979433635 1
1790474803157242683 1
1790474803335345198 1
1790474803510334178 1
1790474803691555580 1
1790474803866863421 1
1790474804043287985 1
1790474804223585140 1
1790474804399817234 1
1790474804577696666 1
1790474804752856897 1
1790474804937207014 1
1790474805117268889 1
1790474805298068046 1
1790474805480664742 1
1790474805655118739 1
1790474805832911470 1
1790474806010003606 1
1790474806194206308 1
1790474806370067926 1
1790474806545348368 1
1790474806721218210 1
1790474806901157321 1
1790474807076592106 1
1790474807255469423 1
1790474807429043479 1
1790474807604286989 1
1790474807785962811 1
1790474807962997347 1
1790474808140414688 1
1790474808314855451 1
1790474808492505965 1
1790474808671591276 1
1790474808848441191 1
1790474809027164559 1
1790474809207277459 1
1790474809384047726 1
1790474809557920678 1
1790474809735056945 1
1790474809912594253 1
1790474810095187275 1
1790474810278054064 1
1790474810457998753 1
1790474810653419630 1
1790474810850470244 1
1790474811057276494 1
1790474811236570739 1
1790474811429382538 1
1790474811645646670 1
1790474811882053992 1
1790474812078869464 1
1790474812285118835 1
1790474812475618642 1
1790474812659923065 1
1790474812862403257 1
1790474813055168114 1
1790474813255382684 1
1790474813457801198 1
1790474813652249262 1
1790474813853582612 1
1790474814043773702 1
1790474814232459819 1
1790474814418385262 1
1790474814608158706 1
1790474814794047083 1
1790474814981554161 1
1790474815168607901 1
1790474815351674528 1
1790474815546034022 1
1790474815730673431 1
1790474815924914235 1
1790474816120056426 1
1790474816304736758 1
1790474816486011447 1
1790474816692712140 1
1790474816882000120 1
1790474817084135940 1
1790474817276366697 1
1790474817457685590 1
1790474817659748643 1
1790474817871746245 1
1790474818061024982 1
1790474818258687666 1
1790474818457277566 1
1790474818657088376 1
1790474818868379996 1
1790474819055939109 1
1790474819237814156 1
1790474819423987795 1
1790474819612299450 1
1790474819816395738 1
1790474820004967158 1
1790474820201813854 1
1790474820385322129 1
1790474820588284444 1
1790474820780835144 1
1790474820987211130 1
1790474821169396904 1
1790474821352064094 1
1790474821534015126 1
1790474821713185261 1
1790474821926824769 1
1790474822121980431 1
1790474822308726867 1
1790474822483606787 1
1790474822660945097 1
1790474822844911373 1
1790474823025271455 1
1790474823203816368 1
1790474823378486455 1
1790474823557834590 1
1790474823741006226 1
1790474823924609553 1
1790474824108131839 1
1790474824286150237 1
1790474824470048650 1
1790474824651703979 1
1790474824826500434 1
1790474825001145762 1
1790474825177235315 1
1790474825358360450 1
1790474825535046951 1
1790474825715097981 1
1790474825895612085 1
1790474826073605204 1
1790474826254929431 1
1790474826435719586 1
1790474826625077492 1
1790474826803468106 1
1790474826983783268 1
1790474827164228041 1
1790474827352366796 1
1790474827527276456 1
1790474827708510119 1
1790474827903390789 1
1790474828087185846 1
1790474828269149374 1
1790474828445704563 1
1790474828625063540 1
1790474828800383000 1
1790474828977843841 1
1790474829153836202 1
1790474829341349015 1
1790474829519395615 1
1790474829698686755 1
1790474829877842009 1
1790474830054387526 1
1790474830236148367 1
1790474830415475808 1
1790474830596662939 1
1790474830795778283 1
1790474830985806824 1
1790474831169246924 1
1790474831353551786 1
1790474831604979876 1
1790474831802507908 1
1790474831991549830 1
1790474832173016582 1
1790474832348942181 1
1790474832526736772 1
1790474832705924189 1
1790474832887323074 1
1790474833064231701 1
1790474833243656369 1
1790474833426228746 1
1790474833611223188 1
1790474833788175471 1
1790474833963841458 1
1790474834145383395 1
1790474834340228379 1
1790474834515653174 1
1790474834729388846 1
1790474834935631921 1
1790474835128582546 1
1790474835332355417 1
1790474835575427898 1
1790474835774600785 1
1790474835969291478 1
1790474836193574921 1
1790474836383890636 1
1790474836570494697 1
1790474836756011397 1
1790474836972479634 1
1790474837180950412 1
1790474837381501950 1
1790474837582451543 1
1790474837765999215 1
1790474837953336839 1
1790474838144675717 1
1790474838331361484 1
1790474838526326197 1
1790474838710284160 1
1790474838898737226 1
1790474839110766734 1
1790474839323999914 1
1790474839544628535 1
1790474839729767537 1
1790474839912519694 1
1790474840103762055 1
1790474840292146455 1
1790474840481118161 1
1790474840655620635 1
1790474840833928305 1
1790474841011711444 1
1790474841188789956 1
1790474841363549240 1
1790474841539451728 1
1790474841714362169 1
1790474841894747084 1
1790474842084080274 1
1790474842262876853 1
1790474842444106110 1
1790474842624718952 1
1790474842794890355 1
1790474842972290247 1
1790474843149315838 1
1790474843326239228 1
1790474843505321114 1
1790474843681402312 1
1790474843859383359 1
1790474844035197916 1
1790474844214474020 1
1790474844392229586 1
1790474844569450356 1
1790474844743223319 1
1790474844921757098 1
1790474845098581570 1
1790474845284047702 1
1790474845468519676 1
1790474845646970650 1
1790474845828531077 1
1790474846008104121 1
1790474846184017615 1
1790474846362546044 1
1790474846538883715 1
1790474846712595581 1
1790474846888951605 1
1790474847064923146 1
1790474847236617825 1
1790474847419056003 1
1790474847609948604 1
1790474847794442300 1
1790474847981409938 1
1790474848155713062 1
1790474848333741441 1
1790474848506323701 1
1790474848686128327 1
1790474848862456747 1
1790474849045170976 1
1790474849227042731 1
1790474849419207540 1
1790474849631031337 1
1790474849826049643 1
1790474850011005027 1
1790474850203490707 1
1790474850407980659 1
1790474850615740907 1
1790474850839511666 1
1790474851050119951 1
1790474851240334158 1
1790474851425973460 1
1790474851620583462 1
1790474851812161201 1
1790474852006818543 1
1790474852198564523 1
1790474852381682271 1
1790474852564793677 1
1790474852755522555 1
1790474852948801916 1
1790474853179094571 1
1790474853383774709 1
1790474853600446453 1
1790474853796348856 1
1790474854018678023 1
1790474854219940169 1
1790474854415804238 1
1790474854609223345 1
1790474854805276311 1
1790474854993595090 1
1790474855172631619 1
1790474855369083828 1
1790474855578507797 1
1790474855770905221 1
1790474855959795428 1
1790474856146204333 1
1790474856329341237 1
1790474856506300413 1
1790474856686589685 1
1790474856879375648 1
1790474857070439765 1
1790474857276435605 1
1790474857477422918 1
1790474857668612325 1
1790474857892055079 1
1790474858090521846 1
1790474858297593295 1
1790474858492315374 1
1790474858734378552 1
1790474859127604682 1
1790474859376915648 1
1790474859647303859 1
1790474859852547754 1
1790474860039481989 1
1790474860245976659 1
1790474860445260112 1
1790474860633418897 1
1790474860814224727 1
1790474860994451658 1
1790474861172185518 1
1790474861349045819 1
1790474861531223843 1
1790474861718490463 1
1790474861912335589 1
1790474862091762895 1
1790474862272537489 1
1790474862460506453 1
1790474862645726470 1
1790474862833136502 1
1790474863047760516 1
1790474863225440953 1
1790474863416830972 1
1790474863664107147 1
1790474863861452849 1
1790474864055071316 1
1790474864259398169 1
1790474864500748551 1
