1790467630807956737 1
1790467630998546612 1
1790467631181112468 1
1790467631367070565 1
1790467631552245095 1
1790467631732941015 1
1790467631917687895 1
1790467632093608810 1
1790467632274223075 1
1790467632462029903 1
1790467632643355059 1
1790467632830205519 1
1790467633009608600 1
1790467633194654016 1
1790467633375558738 1
1790467633554436134 1
1790467633729491531 1
1790467633925419623 1
1790467634102447364 1
1790467634285224114 1
1790467634463094138 1
1790467634654486953 1
1790467634846187625 1
1790467635034724132 1
1790467635218022415 1
1790467635400317622 1
1790467635579964146 1
1790467635773412687 1
1790467635961662413 1
1790467636145481030 1
1790467636329372116 1
1790467636513396230 1
1790467636695218695 1
1790467636882033897 1
1790467637064025575 1
1790467637252044576 1
1790467637470933749 1
1790467637661697170 1
1790467637840167052 1
1790467638021782106 1
1790467638203375388 1
1790467638385914515 1
1790467638568786311 1
1790467638756298514 1
1790467638938862814 1
1790467639116560420 1
1790467639302608911 1
1790467639486975216 1
1790467639670528811 1
1790467639853641216 1
1790467640045508822 1
1790467640247150025 1
1790467640438842189 1
1790467640627437275 1
1790467640810320693 1
1790467640998536695 1
1790467641186166149 1
1790467641367490860 1
1790467641546398742 1
1790467641729894866 1
1790467641914220733 1
1790467642096623761 1
1790467642277068438 1
1790467642460443221 1
1790467642648711577 1
1790467642833554398 1
1790467643026649809 1
1790467643204606022 1
1790467643388142247 1
1790467643568571736 1
1790467643753251631 1
1790467643936372629 1
1790467644119784521 1
1790467644302066387 1
1790467644487561204 1
1790467644680357037 1
1790467644862138798 1
1790467645052389954 1
1790467645242515654 1
1790467645435417170 1
1790467645623937435 1
1790467645809127178 1
1790467645992607665 1
1790467646173866100 1
1790467646353628284 1
1790467646538536277 1
1790467646724017799 1
1790467646912649461 1
1790467647102160814 1
1790467647289125010 1
1790467647468892439 1
1790467647649208053 1
1790467647830759209 1
1790467648012260047 1
1790467648193779578 1
1790467648380104602 1
1790467648561263236 1
1790467648743412460 1
1790467648924612166 1
1790467649106039181 1
1790467649291393431 1
1790467649471593984 1
1790467649650423158 1
1790467649831314855 1
1790467650022754557 1
1790467650207296009 1
1790467650389768544 1
1790467650576574163 1
1790467650766029671 1
1790467650980199714 1
1790467651166694883 1
1790467651355240393 1
1790467651538915882 1
1790467651730037642 1
1790467651914781363 1
1790467652098670929 1
1790467652277536486 1
1790467652460063446 1
1790467652645956875 1
1790467652827342949 1
1790467653016177496 1
1790467653198254560 1
1790467653379243417 1
1790467653560594076 1
1790467653743469407 1
1790467653924387990 1
1790467654114618088 1
1790467654304656488 1
1790467654492510571 1
1790467654675989192 1
1790467654857415217 1
1790467655040974861 1
1790467655227192102 1
1790467655406686063 1
1790467655602832979 1
1790467655781488776 1
1790467655972289707 1
1790467656167849959 1
1790467656357344706 1
1790467656567797192 1
1790467656749847210 1
1790467656930238834 1
1790467657110143063 1
1790467657291995822 1
1790467657473417027 1
1790467657655716065 1
1790467657838660266 1
1790467658024809937 1
1790467658213399206 1
1790467658417665586 1
1790467658605685760 1
1790467658800665869 1
1790467658991964335 1
1790467659177851107 1
1790467659366964213 1
1790467659550575469 1
1790467659739486239 1
1790467659929159466 1
1790467660112883265 1
1790467660297697283 1
1790467660492356973 1
1790467660671713367 1
1790467660848781548 1
1790467661031240796 1
1790467661237256498 1
1790467661430317450 1
1790467661620324174 1
1790467661805097968 1
1790467661992506283 1
1790467662172629974 1
1790467662356939641 1
1790467662535163590 1
1790467662720736041 1
1790467662899268713 1
1790467663081766810 1
1790467663264835357 1
1790467663448157044 1
1790467663628375121 1
1790467663810272391 1
1790467663995547269 1
1790467664178612804 1
1790467664363728219 1
1790467664546175309 1
1790467664731316205 1
1790467664913142575 1
1790467665097123829 1
1790467665279474030 1
1790467665463079030 1
1790467665643211003 1
1790467665828542521 1
1790467666016608396 1
1790467666200955895 1
1790467666386070994 1
1790467666572724259 1
1790467666758291359 1
1790467666953603995 1
1790467667138629344 1
1790467667319698700 1
1790467667502129297 1
1790467667685533046 1
1790467667870492111 1
1790467668049161878 1
1790467668232762258 1
1790467668423392753 1
1790467668611131529 1
1790467668791604851 1
1790467668978974556 1
1790467669160887564 1
1790467669347217998 1
1790467669529287317 1
1790467669708380231 1
1790467669895622832 1
1790467670080438231 1
1790467670266506517 1
1790467670448970888 1
1790467670637233291 1
1790467670820496052 1
1790467671011251250 1
1790467671197196633 1
1790467671379814483 1
1790467671562856912 1
1790467671749849731 1
1790467671943614316 1
1790467672126610477 1
1790467672311979487 1
1790467672493490979 1
1790467672674705441 1
1790467672862017335 1
1790467673045511660 1
1790467673228554495 1
1790467673410970957 1
1790467673594815426 1
1790467673777244358 1
1790467673961705030 1
1790467674144448631 1
1790467674329707465 1
1790467674524362316 1
1790467674704638156 1
1790467674885132253 1
1790467675068539326 1
1790467675254134652 1
1790467675441232619 1
1790467675618097275 1
1790467675807066676 1
1790467675989112206 1
1790467676174060935 1
1790467676357237539 1
1790467676542118369 1
1790467676719829620 1
1790467676900985612 1
1790467677094087665 1
1790467677282179310 1
1790467677483075005 1
1790467677686272503 1
1790467677868599435 1
1790467678056354460 1
1790467678241861476 1
1790467678426284420 1
1790467678603499314 1
1790467678782522748 1
1790467678958742366 1
1790467679140466572 1
1790467679322407756 1
1790467679509126992 1
1790467679689974636 1
1790467679871300930 1
1790467680055314955 1
1790467680244337921 1
1790467680429885661 1
1790467680616045226 1
1790467680804360227 1
1790467680986625070 1
1790467681176749500 1
1790467681361735035 1
1790467681541228880 1
1790467681735952788 1
1790467681925647345 1
1790467682110356070 1
1790467682288087084 1
1790467682477492761 1
1790467682667716583 1
1790467682859403230 1
1790467683052475369 1
1790467683236537336 1
1790467683413636135 1
1790467683591368230 1
1790467683773055584 1
1790467683955006201 1
1790467684157392646 1
1790467684340844361 1
1790467684560456215 1
1790467684745213937 1
1790467684928399531 1
1790467685110377308 1
1790467685294217932 1
1790467685480597451 1
1790467685665276172 1
1790467685849123225 1
1790467686033159313 1
1790467686212834041 1
1790467686389981622 1
1790467686570734376 1
1790467686752982882 1
1790467686931146229 1
1790467687111096267 1
1790467687291853732 1
1790467687470874828 1
1790467687650741321 1
1790467687833684655 1
1790467688025018765 1
1790467688213075839 1
1790467688396945763 1
1790467688576014011 1
1790467688754485109 1
1790467688936683205 1
1790467689116331511 1
1790467689299548552 1
1790467689474831758 1
1790467689654844744 1
1790467689841590908 1
1790467690025969665 1
1790467690204375673 1
1790467690400267360 1
1790467690580280336 1
1790467690759730022 1
1790467690942636698 1
1790467691124449135 1
1790467691303852134 1
1790467691484130062 1
1790467691670785009 1
1790467691851234731 1
1790467692028194049 1
1790467692211200652 1
1790467692390562507 1
1790467692570070805 1
1790467692751614789 1
1790467692938939760 1
1790467693125403323 1
1790467693313479079 1
1790467693533032380 1
1790467693715507145 1
1790467693897475637 1
1790467694077812223 1
1790467694261528630 1
1790467694446743812 1
1790467694638151611 1
1790467694832993318 1
1790467695014729932 1
1790467695200303736 1
1790467695381398091 1
1790467695560026939 1
1790467695737289852 1
