1790467239656789639 1
1790467239833158235 1
1790467240011200541 1
1790467240187389632 1
1790467240367925001 1
1790467240547746148 1
1790467240729570236 1
1790467240905157272 1
1790467241080405886 1
1790467241256245908 1
1790467241431575337 1
1790467241614092456 1
1790467241794623328 1
1790467241977630152 1
1790467242165232512 1
1790467242347386609 1
1790467242522045387 1
1790467242698210724 1
1790467242874987566 1
1790467243058559661 1
1790467243236764799 1
1790467243419757171 1
1790467243595768152 1
1790467243770131563 1
1790467243949521882 1
1790467244125978695 1
1790467244302587527 1
1790467244478790193 1
1790467244670097258 1
1790467244848366726 1
1790467245025390196 1
1790467245200363955 1
1790467245377290558 1
1790467245554448272 1
1790467245739163151 1
1790467245919429561 1
1790467246094484690 1
1790467246272205642 1
1790467246448675877 1
1790467246628046743 1
1790467246802827017 1
1790467246987757343 1
1790467247186665662 1
1790467247380253432 1
1790467247608513752 1
1790467247794193930 1
1790467247981397173 1
1790467248179651543 1
1790467248403683556 1
1790467248581382259 1
1790467248757650124 1
1790467248940187334 1
1790467249122788298 1
1790467249296979155 1
1790467249471100114 1
1790467249650437489 1
1790467249828315391 1
1790467250006159504 1
1790467250181804370 1
1790467250362179048 1
1790467250539305559 1
1790467250716785848 1
1790467250893253816 1
1790467251082013766 1
1790467251283281382 1
1790467251458627876 1
1790467251635324282 1
1790467251810312700 1
1790467251993061942 1
1790467252174605849 1
1790467252350212222 1
1790467252529235630 1
1790467252709443251 1
1790467252891470925 1
1790467253067875815 1
1790467253251318310 1
1790467253429308373 1
1790467253601662577 1
1790467253776192621 1
1790467253954960520 1
1790467254128032587 1
1790467254303712552 1
1790467254478550082 1
1790467254654720434 1
1790467254829231186 1
1790467255012290217 1
1790467255188072172 1
1790467255363512946 1
1790467255536481049 1
1790467255717128876 1
1790467255891074710 1
1790467256069861703 1
1790467256249062625 1
1790467256430923506 1
1790467256607280029 1
1790467256788430846 1
1790467256973304442 1
1790467257154735772 1
1790467257335883906 1
1790467257509634420 1
1790467257691234814 1
1790467257875598970 1
1790467258060283212 1
1790467258249633034 1
1790467258437250113 1
1790467258614369825 1
1790467258796535149 1
1790467258981521692 1
1790467259166119569 1
1790467259356617468 1
1790467259541967335 1
1790467259727011153 1
1790467259916034466 1
1790467260116389681 1
1790467260351945571 1
1790467260540468664 1
1790467260729990544 1
1790467260919740814 1
1790467261104569334 1
1790467261289851952 1
1790467261479255135 1
1790467261655685556 1
1790467261839615204 1
1790467262015702662 1
1790467262197774403 1
1790467262379550759 1
1790467262555780933 1
1790467262731960846 1
1790467262907431843 1
1790467263090295963 1
1790467263271860853 1
1790467263452366482 1
1790467263638200485 1
1790467263814421141 1
1790467263990349737 1
1790467264164900664 1
1790467264351292501 1
1790467264531292372 1
1790467264713784462 1
1790467264902024567 1
1790467265080699648 1
1790467265261105942 1
1790467265435773058 1
1790467265609853988 1
1790467265785285133 1
1790467265966494848 1
1790467266146059010 1
1790467266323876306 1
1790467266501230355 1
1790467266675666301 1
1790467266852974927 1
1790467267036782721 1
1790467267212230764 1
1790467267403175767 1
1790467267603332277 1
1790467267792585962 1
1790467267975521152 1
1790467268155032359 1
1790467268357528787 1
1790467268550110108 1
1790467268738774238 1
1790467268923366196 1
1790467269104751000 1
1790467269282540048 1
1790467269459013829 1
1790467269631599776 1
1790467269808434652 1
1790467269987369646 1
1790467270167951368 1
1790467270353012242 1
1790467270528068987 1
1790467270702496198 1
1790467270877835042 1
1790467271055569682 1
1790467271231506387 1
1790467271406613075 1
1790467271591355633 1
1790467271770204776 1
1790467271955236601 1
1790467272132528476 1
1790467272312162565 1
1790467272487178965 1
1790467272663505647 1
1790467272838753755 1
1790467273015175134 1
1790467273191920804 1
1790467273369497334 1
1790467273542566527 1
1790467273726573987 1
1790467273914716770 1
1790467274097994145 1
1790467274278261402 1
1790467274466156780 1
1790467274643348019 1
1790467274826230463 1
1790467275008474025 1
1790467275184600835 1
1790467275364043099 1
1790467275541438753 1
1790467275722854001 1
1790467275896768635 1
1790467276073468990 1
1790467276248281623 1
1790467276425014119 1
1790467276606035054 1
1790467276782463303 1
1790467276968463727 1
1790467277146686847 1
1790467277324289159 1
1790467277500726956 1
1790467277676196703 1
1790467277854236267 1
1790467278035649921 1
1790467278213513950 1
1790467278389801852 1
1790467278564474494 1
1790467278741786311 1
1790467278921074377 1
1790467279101230161 1
1790467279292368245 1
1790467279480390330 1
1790467279661370042 1
1790467279841147930 1
1790467280019588715 1
1790467280195989895 1
1790467280397696816 1
1790467280623649740 1
1790467280809170297 1
1790467281061245326 1
1790467281239856255 1
1790467281417812724 1
1790467281609365219 1
1790467281785114763 1
1790467281963700893 1
1790467282137798396 1
1790467282311258101 1
1790467282527400468 1
1790467282751635245 1
1790467282938260424 1
1790467283115302874 1
1790467283295000991 1
1790467283471243655 1
1790467283649825243 1
1790467283823038259 1
1790467284003460142 1
1790467284180882496 1
1790467284363297830 1
1790467284548772326 1
1790467284743197660 1
1790467284929041734 1
1790467285103121905 1
1790467285281447377 1
1790467285459050663 1
1790467285636824546 1
1790467285813220400 1
1790467285999272790 1
1790467286173576069 1
1790467286352090587 1
1790467286532866438 1
1790467286713062525 1
1790467286909129285 1
1790467287120588331 1
1790467287297080317 1
1790467287472447004 1
1790467287649533712 1
1790467287824801832 1
1790467288000344623 1
1790467288177460185 1
1790467288355443125 1
1790467288531447886 1
1790467288705298548 1
1790467288897220669 1
1790467289072066498 1
1790467289250290378 1
1790467289426711181 1
1790467289605085156 1
1790467289788273800 1
1790467289975091467 1
1790467290163672166 1
1790467290343449012 1
1790467290520957090 1
1790467290701030169 1
1790467290878403332 1
1790467291055214533 1
1790467291232434661 1
1790467291406981488 1
1790467291582561854 1
1790467291758145366 1
1790467291935616194 1
1790467292112362574 1
1790467292288880597 1
1790467292463614872 1
1790467292637551140 1
1790467292817358465 1
1790467292995752009 1
1790467293172371070 1
1790467293346591202 1
1790467293523008644 1
1790467293705728966 1
1790467293880002680 1
1790467294056110111 1
1790467294229182194 1
1790467294408202355 1
1790467294590414380 1
1790467294781929987 1
1790467294964339734 1
1790467295150257623 1
1790467295335772923 1
1790467295514697390 1
1790467295700848932 1
1790467295885328263 1
1790467296062100531 1
1790467296240754898 1
1790467296435426150 1
1790467296613300938 1
1790467296792077299 1
1790467296975887506 1
1790467297154370845 1
1790467297336783459 1
1790467297513414733 1
1790467297688830427 1
1790467297869454141 1
1790467298048378354 1
1790467298224740562 1
1790467298402174239 1
1790467298576836906 1
1790467298753544235 1
1790467298929798028 1
1790467299107029283 1
1790467299285646688 1
1790467299465968668 1
1790467299645081347 1
1790467299822130521 1
1790467300000244911 1
1790467300180823448 1
1790467300362248344 1
1790467300546659500 1
1790467300732170514 1
1790467300914150609 1
1790467301088131015 1
1790467301267106601 1
1790467301445323339 1
1790467301627348148 1
1790467301801125158 1
1790467301978059265 1
1790467302158073575 1
1790467302332506171 1
1790467302505076558 1
1790467302682213397 1
1790467302861041139 1
1790467303042612702 1
1790467303219450218 1
1790467303398493059 1
1790467303574769177 1
1790467303755924565 1
1790467303933773505 1
1790467304108112028 1
1790467304281482403 1
1790467304461147358 1
1790467304641124832 1
