1790474104901125792 1
1790474105084563326 1
1790474105264030900 1
1790474105437842798 1
1790474105613581200 1
1790474105788720147 1
1790474105968085025 1
1790474106143297598 1
1790474106321794329 1
1790474106497334379 1
1790474106670715547 1
1790474106846404921 1
1790474107021971918 1
1790474107199447675 1
1790474107373486940 1
1790474107550287629 1
1790474107727102525 1
1790474107909374508 1
1790474108088367597 1
1790474108265950639 1
1790474108446331752 1
1790474108622841989 1
1790474108799022206 1
1790474108976366748 1
1790474109153498194 1
1790474109332605814 1
1790474109508285260 1
1790474109683647571 1
1790474109876958060 1
1790474111103419320 0
1790474112290726119 0
1790474113469280051 0
1790474114645265280 0
1790474115822316813 0
1790474116998919470 0
1790474118179993864 0
1790474119355130647 0
1790474120535729135 0
1790474121720032804 0
1790474122897289378 0
1790474124075151391 0
1790474125252471394 0
1790474126434082000 0
1790474127610052687 0
1790474128787555326 0
1790474129967154553 0
1790474131151003656 0
1790474132333095395 0
1790474133515446481 0
1790474134692192313 0
1790474135875769765 0
1790474137052851082 0
1790474138232207299 0
1790474139411848324 0
1790474140590405880 0
1790474141770014880 0
1790474142952467762 0
1790474144129922525 0
1790474145312687089 0
1790474146490407494 0
1790474147669132510 0
1790474148850819519 0
1790474150028054018 0
1790474151209399217 0
1790474152384012137 0
1790474153565559246 0
1790474154745586171 0
1790474155930291938 0
1790474157107556533 0
1790474158289294474 0
1790474159466393045 0
1790474160640307078 0
1790474161819616397 0
1790474163003075836 0
1790474164184608076 0
1790474165364745930 0
1790474166544529774 0
1790474167724927181 0
1790474168905000395 0
1790474170083703532 0
1790474171260406006 0
1790474172434187538 0
1790474173613952529 0
1790474174798623471 0
1790474175980555534 0
1790474177158488544 0
1790474178343473757 0
1790474179526488697 0
1790474180707182816 0
1790474181889756398 0
1790474183070126801 0
1790474184249053756 0
1790474185430010137 0
1790474186608539900 0
1790474187781940744 0
1790474188962676873 0
1790474190142293663 0
1790474191316749805 0
1790474192496486779 0
1790474193673586477 0
1790474194859268992 0
1790474196038068949 0
1790474197217768777 0
1790474198412580911 0
1790474199592138668 0
1790474200772874686 0
1790474201957537591 0
1790474203142701249 0
1790474204325200470 0
1790474205503236064 0
1790474206683709914 0
1790474207861950157 0
1790474209040941494 0
1790474210218085731 0
1790474211402182259 0
1790474212579838096 0
1790474213760716053 0
1790474214940476327 0
1790474216121238055 0
1790474217309218824 0
1790474218487239220 0
1790474219667908259 0
1790474220847708088 0
1790474222023567772 0
1790474223201829205 0
1790474224385180228 0
1790474225563880857 0
1790474226742992270 0
1790474227934990329 0
1790474229113700478 0
1790474230295111687 0
1790474231478140821 0
1790474232656216362 0
1790474233835283999 0
1790474235010899688 0
1790474236188554004 0
1790474236364817925 1
1790474236541269148 1
1790474236718284173 1
1790474236899704332 1
1790474237076490783 1
1790474237252842713 1
1790474237435592336 1
1790474237616803379 1
1790474237798191440 1
1790474237979029316 1
1790474238158649732 1
1790474238339552182 1
1790474238511540200 1
1790474238692864211 1
1790474238871700587 1
1790474239050143303 1
1790474239227778423 1
1790474239406874174 1
1790474239580404073 1
1790474239758433282 1
1790474239935989955 1
1790474240112986368 1
1790474240291154494 1
1790474240467759222 1
1790474240643404307 1
1790474240820492054 1
1790474240996864783 1
1790474241172687182 1
1790474241350440108 1
1790474241531126976 1
1790474241709085858 1
1790474241884543084 1
1790474242062558606 1
1790474242239029596 1
1790474242411210485 1
1790474242588875689 1
1790474242768568032 1
1790474242948163645 1
1790474243131750706 1
1790474243314231866 1
1790474243490862750 1
1790474243666765015 1
1790474243847070997 1
1790474244030281937 1
1790474244209088669 1
1790474244386142915 1
1790474244559764235 1
1790474244738359599 1
1790474244917733754 1
1790474245092099960 1
1790474245270139409 1
1790474245443303406 1
1790474245622290475 1
1790474245800646691 1
1790474245981014493 1
1790474246154655927 1
1790474246334105794 1
1790474246516018222 1
1790474246701777028 1
1790474246901367896 1
1790474247083957485 1
1790474247271708901 1
1790474247443841619 1
1790474247619988166 1
1790474247801381982 1
1790474247981182669 1
1790474248159065957 1
1790474248345283692 1
1790474248528519057 1
1790474248708771709 1
1790474248892121421 1
1790474249070048025 1
1790474249248869727 1
1790474249428441468 1
1790474249604063021 1
1790474249782194142 1
1790474249961353379 1
1790474250140819623 1
1790474250317317249 1
1790474250492486316 1
1790474250668157421 1
1790474250847769195 1
1790474251024592721 1
1790474251201126190 1
1790474251376968510 1
1790474251554576985 1
1790474251728304017 1
1790474251905357274 1
1790474252080593588 1
1790474252255722072 1
1790474252432416231 1
1790474252608542803 1
1790474252783794492 1
1790474252962933221 1
1790474253139420581 1
1790474253324599612 1
1790474253507850812 1
1790474253689729353 1
1790474253868706623 1
1790474254045201824 1
1790474254229165964 1
1790474254410005212 1
1790474254590033687 1
1790474254769427777 1
1790474254948686657 1
1790474255124275314 1
1790474255305596552 1
1790474255480003667 1
1790474255656874054 1
1790474255835319577 1
1790474256015272086 1
1790474256191457478 1
1790474256370799257 1
1790474256544882423 1
1790474256723087570 1
1790474256905406309 1
1790474257080386776 1
1790474257253428007 1
1790474257427113445 1
1790474257607709173 1
1790474257786244849 1
1790474257963593557 1
1790474258138410308 1
1790474258316102489 1
1790474258496317761 1
1790474258676565018 1
1790474258857848730 1
1790474259042228671 1
1790474259221568327 1
1790474259397568079 1
1790474259576302479 1
1790474259763827731 1
1790474259939133476 1
1790474260116823232 1
1790474260292948505 1
1790474260465946530 1
1790474260639084388 1
1790474260817166500 1
1790474260997535179 1
1790474261173307952 1
1790474261350865203 1
1790474261527988523 1
1790474261705542866 1
1790474261883306326 1
1790474262071642235 1
1790474262246527456 1
1790474262423592916 1
1790474262604710011 1
1790474262779481526 1
1790474262957123658 1
1790474263136303867 1
1790474263320687283 1
1790474263497964290 1
1790474263680705823 1
1790474263864400944 1
1790474264042109902 1
1790474264224205978 1
1790474264412205415 1
1790474264599485852 1
1790474264774760909 1
1790474264962249256 1
1790474265141903246 1
1790474265321472503 1
1790474265492619667 1
1790474265668053448 1
1790474265844724428 1
1790474266021164340 1
1790474266198057962 1
1790474266376215433 1
1790474266554125708 1
1790474266730320469 1
1790474266912086307 1
1790474267088368091 1
1790474267266915745 1
1790474267443116597 1
1790474267621358698 1
1790474267796055444 1
1790474267978088837 1
1790474268154740595 1
1790474268332497242 1
1790474268505390963 1
1790474268681305260 1
1790474268860082932 1
1790474269041492806 1
1790474269223820228 1
1790474269406713606 1
1790474269586356746 1
1790474269761957589 1
1790474269940623439 1
1790474270114559599 1
1790474270297539332 1
1790474270472289480 1
1790474270646980719 1
1790474270826152852 1
1790474271005371911 1
1790474271180297649 1
1790474271354650298 1
1790474271532932906 1
1790474271711058772 1
1790474271885798399 1
1790474272060898197 1
1790474272240019439 1
1790474272418038325 1
1790474272598961524 1
1790474272774236071 1
1790474272950012396 1
1790474273127473498 1
1790474273306586210 1
1790474273483785324 1
1790474273666554320 1
1790474273844184999 1
1790474274022840263 1
1790474274197438047 1
1790474274378816421 1
1790474274561255075 1
1790474274742627815 1
1790474274925691268 1
1790474275101881788 1
1790474275279461678 1
1790474275457336087 1
1790474275635845704 1
1790474275814072880 1
1790474275996651110 1
1790474276171713361 1
1790474276347691168 1
1790474276524472220 1
1790474276708081690 1
1790474276893612832 1
1790474277072542641 1
1790474277254509031 1
1790474277437451293 1
1790474277613909660 1
1790474277794394901 1
1790474277974013515 1
1790474278151476332 1
1790474278329654777 1
1790474278508750516 1
1790474278694529833 1
1790474278880610444 1
1790474279059432598 1
1790474279237021398 1
1790474279414476487 1
1790474279592109249 1
1790474279772589134 1
1790474279956465522 1
1790474280137699101 1
1790474280318914963 1
1790474280498450384 1
1790474280678270791 1
1790474280858542950 1
1790474281040838600 1
1790474281213665092 1
1790474281391948506 1
1790474281566248191 1
1790474281745593708 1
1790474281925428067 1
1790474282101785207 1
1790474282281745956 1
1790474282461609945 1
1790474282641397214 1
1790474282821854975 1
1790474282998198952 1
1790474283175070928 1
1790474283351934545 1
1790474283529317249 1
1790474283706081463 1
1790474283886075644 1
1790474284062579259 1
1790474284237006170 1
1790474284412388252 1
1790474284585618756 1
1790474284770101759 1
1790474284950341469 1
1790474285134471658 1
1790474285317672852 1
1790474285498623411 1
1790474285675728967 1
1790474285852859851 1
1790474286033774989 1
1790474286214737723 1
1790474286395141282 1
1790474286572826801 1
1790474286747193400 1
1790474286928090714 1
1790474287109176727 1
1790474287292407294 1
1790474287468438421 1
1790474287644713934 1
1790474287818228995 1
1790474287999725255 1
1790474288176731795 1
1790474288355651111 1
1790474288533282831 1
1790474288711627078 1
1790474288891230227 1
1790474289069454306 1
1790474289246087596 1
1790474289424717607 1
1790474289604204703 1
1790474289781616260 1
1790474289960330640 1
1790474290134210111 1
1790474290317679093 1
1790474290497172491 1
1790474290680417216 1
1790474290860598239 1
1790474291041921113 1
1790474291218790135 1
1790474291395471408 1
1790474291571433629 1
1790474291750925950 1
1790474291926578790 1
1790474292112205234 1
1790474292293731044 1
1790474292466797800 1
1790474292643181965 1
1790474292825629357 1
1790474293002163103 1
1790474293188414776 1
1790474293364060337 1
1790474293541168559 1
1790474293716125223 1
1790474293895975640 1
1790474294073373915 1
1790474294250808521 1
1790474294426514948 1
1790474294602679743 1
1790474294779697962 1
1790474294959431636 1
1790474295133775241 1
1790474295313605296 1
1790474295496027654 1
1790474295684514981 1
1790474295864041905 1
1790474296047011775 1
1790474296226658269 1
1790474296406439590 1
1790474296582388852 1
1790474296759102615 1
1790474296934085316 1
1790474297111093982 1
1790474297292811748 1
1790474297468798328 1
1790474297645564263 1
1790474297824967759 1
1790474298003335717 1
1790474298183684090 1
1790474298358150422 1
1790474298537204636 1
1790474298717111915 1
1790474298897600543 1
1790474299074938069 1
1790474299251719390 1
1790474299432699427 1
1790474299609955637 1
1790474299785812365 1
1790474299964585284 1
1790474300140919705 1
1790474300322643663 1
1790474300502033220 1
1790474300676662059 1
1790474300860172832 1
1790474301043718533 1
1790474301225074017 1
1790474301411360511 1
1790474301585466495 1
1790474301762631595 1
1790474301936129861 1
1790474302110116972 1
1790474302289522597 1
1790474302466361098 1
1790474302641672815 1
1790474302817217140 1
1790474302993890439 1
1790474303168034594 1
1790474303359316588 1
1790474303541180428 1
1790474303724881920 1
1790474303909906844 1
1790474304084055358 1
1790474304261652318 1
1790474304437567242 1
1790474304614251563 1
1790474304790540556 1
1790474304967237472 1
1790474305143767226 1
1790474305320330436 1
1790474305498553307 1
1790474305675830330 1
1790474305858941704 1
1790474306033015851 1
1790474306211193295 1
1790474306398663299 1
1790474306578588139 1
1790474306761160141 1
1790474306939962737 1
1790474307115120406 1
1790474307296519446 1
1790474307474754366 1
1790474307650634663 1
1790474307826336146 1
1790474308007669889 1
1790474308184471557 1
1790474308363021360 1
1790474308540804821 1
1790474308714934328 1
1790474308892414004 1
1790474309068000862 1
1790474309247119063 1
1790474309427922073 1
1790474309607657199 1
1790474309783196122 1
1790474309966392517 1
1790474310144242457 1
1790474310328267736 1
1790474310506187194 1
1790474310693275732 1
1790474310870579681 1
1790474311048593715 1
1790474311229210034 1
1790474311407624635 1
1790474311588596347 1
1790474311765878486 1
1790474311948155513 1
1790474312128529196 1
1790474312307303423 1
1790474312486346652 1
1790474312665837674 1
1790474312845160944 1
1790474313027203624 1
1790474313205307885 1
1790474313381961147 1
1790474313554986040 1
1790474313727961074 1
1790474313911770094 1
1790474314092407390 1
1790474314268391568 1
1790474314447549478 1
1790474314625391374 1
1790474314805791015 1
1790474314981354438 1
1790474315161498033 1
1790474315344009866 1
1790474315519310144 1
1790474315694498953 1
1790474315874307116 1
1790474316048124324 1
1790474316225098539 1
1790474316401881308 1
1790474316579652336 1
1790474316761461092 1
1790474316939736935 1
1790474317134461254 1
1790474317317796148 1
1790474317495525877 1
1790474317673619263 1
1790474317851479606 1
1790474318028787448 1
1790474318204146998 1
1790474318383102409 1
1790474318557686248 1
1790474318736265337 1
1790474318914188372 1
1790474319091018151 1
1790474319267813538 1
1790474319441702386 1
1790474319616693722 1
1790474319791431516 1
1790474319967353088 1
1790474320143043477 1
1790474320322874955 1
1790474320506775150 1
1790474320687662298 1
1790474320864088107 1
1790474321039521916 1
1790474321217767094 1
1790474321391988079 1
1790474321574985003 1
1790474321752008187 1
1790474321928513190 1
1790474322117306677 1
1790474322304781030 1
1790474322487281313 1
1790474322675173867 1
1790474322851781334 1
1790474323028275849 1
1790474323204030629 1
1790474323379956351 1
1790474323555097530 1
1790474323730809811 1
1790474323909969905 1
1790474324089021181 1
1790474324260505634 1
1790474324453683079 1
1790474324641162467 1
1790474324817171325 1
1790474324993091987 1
1790474325171490129 1
1790474325348924930 1
1790474325525541682 1
1790474325702238866 1
1790474325878445492 1
1790474326054841140 1
1790474326233269365 1
1790474326412029237 1
1790474326586350262 1
1790474326762338346 1
1790474326940311990 1
1790474327115087675 1
1790474327299687572 1
1790474327488632768 1
1790474327673163737 1
1790474327860311828 1
1790474328052987494 1
1790474328228184706 1
1790474328402381654 1
1790474328579434818 1
1790474328756389332 1
1790474328937675953 1
1790474329112446969 1
1790474329293303050 1
1790474329469277255 1
1790474329648060364 1
1790474329828177755 1
1790474330009484149 1
1790474330187808481 1
1790474330359230118 1
1790474330532368174 1
1790474330710645898 1
1790474330889801042 1
1790474331067682986 1
1790474331246805476 1
1790474331424850020 1
1790474331600434093 1
1790474331775255864 1
1790474331949631542 1
1790474332122297056 1
1790474332302258372 1
1790474332475553360 1
1790474332655938523 1
1790474332839141060 1
1790474333013743260 1
1790474333195879309 1
1790474333382132933 1
1790474333556634315 1
1790474333733627076 1
1790474333907470518 1
1790474334086771624 1
1790474334263832360 1
1790474334446261261 1
1790474334623310105 1
1790474334799453040 1
1790474334978639953 1
1790474335155598295 1
1790474335334452582 1
1790474335512589852 1
1790474335690467758 1
1790474335867293981 1
1790474336045706220 1
1790474336223994196 1
1790474336397137072 1
1790474336574780146 1
1790474336752956131 1
1790474336931486070 1
1790474337106757848 1
1790474337297116599 1
1790474337474468730 1
1790474337653853582 1
1790474337834152562 1
1790474338020454673 1
1790474338202263818 1
1790474338385192522 1
1790474338565498051 1
1790474338741087390 1
1790474338919737374 1
1790474339094320880 1
1790474339269248636 1
1790474339444294055 1
1790474339617472614 1
1790474339797046675 1
1790474339973627631 1
1790474340159249772 1
1790474340333169451 1
1790474340518318447 1
1790474340693922025 1
1790474340871659824 1
1790474341048491651 1
1790474341224224233 1
1790474341400140575 1
1790474341582966867 1
1790474341759482562 1
1790474341938381857 1
1790474342115998401 1
1790474342301333635 1
1790474342482994579 1
1790474342661379503 1
1790474342838760248 1
1790474343016698100 1
1790474343192716739 1
1790474343374327458 1
1790474343559957189 1
1790474343742735711 1
1790474343935649692 1
1790474344111872502 1
1790474344290381324 1
1790474344467678833 1
1790474344645988239 1
1790474344820263369 1
1790474344997845720 1
1790474345178666165 1
1790474345353910217 1
1790474345530953991 1
1790474345711414812 1
1790474345889533481 1
1790474346066343004 1
1790474346243319761 1
1790474346417339725 1
1790474346596614593 1
1790474346771032152 1
1790474346950365133 1
1790474347134840461 1
1790474347317964070 1
1790474347492737830 1
1790474347668611613 1
1790474347847474926 1
1790474348025768725 1
1790474348202725643 1
1790474348380924937 1
1790474348558555122 1
1790474348740016868 1
1790474348922489847 1
1790474349104085709 1
1790474349286033626 1
1790474349462209676 1
1790474349639042338 1
1790474349816429836 1
1790474350002933711 1
1790474350179938444 1
1790474350359690551 1
1790474350533799380 1
1790474350711308252 1
1790474350893591092 1
1790474351072157987 1
1790474351250161485 1
1790474351424813472 1
1790474351602115494 1
1790474351777284070 1
1790474351953224832 1
1790474352130180233 1
1790474352308091596 1
1790474352491108479 1
1790474352669145836 1
1790474352847007328 1
1790474353027833640 1
1790474353207593103 1
1790474353384406076 1
1790474353562935558 1
1790474353740245934 1
1790474353923128472 1
1790474354104864617 1
1790474354290620548 1
1790474354474426377 1
1790474354657444968 1
1790474354836292235 1
1790474355012428425 1
1790474355193956560 1
1790474355372319483 1
1790474355548057266 1
1790474355724211704 1
1790474355900460770 1
1790474356081408421 1
1790474356258907133 1
1790474356433984626 1
1790474356616449794 1
1790474356796204611 1
1790474356972233983 1
1790474357147173401 1
1790474357331649682 1
1790474357505759676 1
1790474357683683828 1
1790474357876384867 1
1790474358049892850 1
1790474358224628934 1
1790474358400350297 1
1790474358576022585 1
1790474358753674165 1
1790474358928801955 1
1790474359106303332 1
1790474359290214800 1
1790474359472899538 1
1790474359654950260 1
1790474359843858067 1
1790474360023338169 1
1790474360199411018 1
1790474360374646573 1
1790474360552196796 1
1790474360731218710 1
1790474360908549647 1
1790474361086895491 1
1790474361260326539 1
1790474361441135182 1
1790474361619151388 1
1790474361798092115 1
1790474361973634720 1
1790474362151967330 1
1790474362334489050 1
1790474362511477125 1
1790474362687554624 1
1790474362870094963 1
1790474363045967940 1
1790474363229022377 1
1790474363412074031 1
1790474363585767981 1
1790474363782770019 1
1790474363971529509 1
1790474364147749643 1
1790474364330681009 1
1790474364513670715 1
1790474364698490356 1
1790474364878337474 1
1790474365061828499 1
1790474365240064714 1
1790474365418672132 1
1790474365598827720 1
1790474365779333832 1
1790474365959052300 1
1790474366136785493 1
1790474366316473569 1
1790474366492129243 1
1790474366668355539 1
1790474366845357306 1
1790474367021442951 1
1790474367196219758 1
1790474367371944161 1
1790474367548307479 1
1790474367723143050 1
1790474367902750237 1
1790474368077771501 1
1790474368259164693 1
1790474368442811926 1
1790474368619342367 1
1790474368798568847 1
1790474368975823385 1
1790474369152775568 1
1790474369327997963 1
1790474369503487853 1
1790474369678106042 1
1790474369864768855 1
1790474370047042093 1
