1790468316072980223 1
1790468316255561183 1
1790468316438059830 1
1790468316622529070 1
1790468316812914796 1
1790468316998031633 1
1790468317213197802 1
1790468317412686903 1
1790468317602078950 1
1790468317798083625 1
1790468317982672674 1
1790468318180079729 1
1790468318379060520 1
1790468318566624956 1
1790468318758226071 1
1790468318976329140 1
1790468319158805343 1
1790468319375004541 1
1790468319556737378 1
1790468319746322510 1
1790468319961355791 1
1790468320165502192 1
1790468320350717434 1
1790468320542620642 1
1790468320729672770 1
1790468320928169071 1
1790468322176054369 0
1790468323397338351 0
1790468324614562873 0
1790468325809317178 0
1790468326994426406 0
1790468328176084165 0
1790468329358986415 0
1790468330545172936 0
1790468331742647333 0
1790468332926203355 0
1790468334106375252 0
1790468335287648957 0
1790468336471938395 0
1790468337658620862 0
1790468338843923463 0
1790468340026429851 0
1790468341212777863 0
1790468342405361069 0
1790468343591939545 0
1790468344775293334 0
1790468345954176119 0
1790468347151879710 0
1790468348344492090 0
1790468349526814544 0
1790468350727714917 0
1790468351921130061 0
1790468353109670337 0
1790468354294244807 0
1790468355480393889 0
1790468356677065381 0
1790468357865197063 0
1790468359055045595 0
1790468360257103706 0
1790468361443812189 0
1790468362636017376 0
1790468363823691384 0
1790468365006050970 0
1790468366199199979 0
1790468367387491878 0
1790468368574340128 0
1790468369756564492 0
1790468370944732559 0
1790468372157950644 0
1790468373365409043 0
1790468374561024255 0
1790468375748927700 0
1790468376964022677 0
1790468378163307751 0
1790468379402706944 0
1790468380607395175 0
1790468381825121201 0
1790468383012147937 0
1790468384196378925 0
1790468385390794124 0
1790468386598726512 0
1790468387781805040 0
1790468388987871011 0
1790468390222473736 0
1790468391407876518 0
1790468392594570723 0
1790468393781819777 0
1790468394976479333 0
1790468396168606541 0
1790468397355699514 0
1790468398548743885 0
1790468399734346020 0
1790468400921421546 0
1790468402103485881 0
1790468403294676899 0
1790468404481467216 0
1790468405686187225 0
1790468406866991224 0
1790468408049111692 0
1790468409263566568 0
1790468410455465394 0
1790468411644517715 0
1790468412827602665 0
1790468414009037732 0
1790468415204413591 0
1790468416402441341 0
1790468417630548641 0
1790468418823511440 0
1790468420008888190 0
1790468421193627668 0
1790468422381080052 0
1790468423577157879 0
1790468424762150576 0
1790468425947962543 0
1790468427152362482 0
1790468428333526254 0
1790468429518107585 0
1790468430700543563 0
1790468431889335466 0
1790468433098349703 0
1790468434291011635 0
1790468435471180099 0
1790468436650226096 0
1790468437858308576 0
1790468439046332094 0
1790468440233114395 0
1790468441413059480 0
1790468442631283484 0
1790468443813773713 0
1790468445016454347 0
1790468446206690125 0
1790468447404678555 0
1790468448604191205 0
1790468449791172183 0
1790468450991359482 0
1790468452172948147 0
1790468453360666561 0
1790468454544359218 0
1790468455737990868 0
1790468456923991434 0
1790468458118159571 0
1790468459301535794 0
1790468460482653817 0
1790468461677816522 0
1790468462867301136 0
1790468464060694091 0
1790468465264855457 0
1790468466465770432 0
1790468467686383315 0
1790468468883361338 0
1790468470082658614 0
1790468471266252574 0
1790468472444184817 0
1790468473623380523 0
1790468474805531480 0
1790468475983532354 0
1790468477165166544 0
1790468478350952373 0
1790468479529002828 0
1790468480708222458 0
1790468481889127529 0
1790468483067453460 0
1790468484250014186 0
1790468485431932778 0
1790468486612379050 0
1790468487794640591 0
1790468488978067098 0
1790468490157946579 0
1790468491342131995 0
1790468492521280416 0
1790468493707040573 0
1790468494890138150 0
1790468496071747623 0
1790468497249744844 0
1790468498428187072 0
1790468499631487388 0
1790468500817374530 0
1790468502011569584 0
1790468503212276465 0
1790468503395449641 1
1790468503580479602 1
1790468503765681791 1
1790468503952149110 1
1790468504141189834 1
1790468504322979644 1
1790468504511671872 1
1790468504695739803 1
1790468504885466736 1
1790468505065807691 1
1790468505245310438 1
1790468505430802817 1
1790468505626545887 1
1790468505816112565 1
1790468506002770339 1
1790468506186062692 1
1790468506371800834 1
1790468506558242228 1
1790468506758129224 1
1790468506944079973 1
1790468507162491528 1
1790468507369837533 1
1790468507549622596 1
1790468507759333635 1
1790468507970066075 1
1790468508175703263 1
1790468508375583894 1
1790468508567648896 1
1790468508752529968 1
1790468508935583357 1
1790468509124568934 1
1790468509325731630 1
1790468509516417416 1
1790468509733208143 1
1790468509957014027 1
1790468510150299437 1
1790468510349350567 1
1790468510556853691 1
1790468510782983597 1
1790468510987695880 1
1790468511185864961 1
1790468511364413281 1
1790468511544975963 1
1790468511726217808 1
1790468511912719359 1
1790468512092806365 1
1790468512321653136 1
1790468512517748635 1
1790468512713659004 1
1790468512915162250 1
1790468513120048947 1
1790468513299276284 1
1790468513486499689 1
1790468513673205507 1
1790468513855440441 1
1790468514033228324 1
1790468514208675210 1
1790468514392727832 1
1790468514570761087 1
1790468514748051816 1
1790468514925191251 1
1790468515119739952 1
1790468515315023077 1
1790468515512433759 1
1790468515691788219 1
1790468515872836071 1
1790468516062134645 1
1790468516251782648 1
1790468516435110334 1
1790468516618203272 1
1790468516795788362 1
1790468516974114779 1
1790468517161508499 1
1790468517352166892 1
1790468517535105919 1
1790468517716977218 1
1790468517895165895 1
1790468518073992402 1
1790468518260470509 1
1790468518438492995 1
1790468518620658038 1
1790468518802051444 1
1790468518984266911 1
1790468519163287144 1
1790468519344406304 1
1790468519522034503 1
1790468519700465321 1
1790468519879373290 1
1790468520063624717 1
1790468520245098222 1
1790468520420797935 1
1790468520603133760 1
1790468520792050136 1
1790468520984228409 1
1790468521183398548 1
1790468521414779260 1
1790468521616016666 1
1790468521817530691 1
1790468522005433007 1
1790468522204165308 1
1790468522406470735 1
1790468522630579133 1
1790468522813451838 1
1790468522994896552 1
1790468523174742167 1
1790468523358115373 1
1790468523546833699 1
1790468523730791982 1
1790468523927378855 1
1790468524125609872 1
1790468524311416369 1
1790468524493501911 1
1790468524704485818 1
1790468524897695773 1
1790468525089595546 1
1790468525271736637 1
1790468525453756012 1
1790468525641045305 1
1790468525823299540 1
1790468526002262248 1
1790468526180562210 1
1790468526357151131 1
1790468526534340683 1
1790468526717209209 1
1790468526898936545 1
1790468527083520157 1
1790468527260997711 1
1790468527438029244 1
1790468527616705302 1
1790468527800322077 1
1790468527984238919 1
1790468528161110206 1
1790468528340256932 1
1790468528520746374 1
1790468528698595082 1
1790468528876019488 1
1790468529056090375 1
1790468529237226958 1
1790468529416448380 1
1790468529595005031 1
1790468529774295786 1
1790468529979184856 1
1790468530159268840 1
1790468530354965295 1
1790468530564323058 1
1790468530756469686 1
1790468530955935487 1
1790468531173642987 1
1790468531352576307 1
1790468531530574575 1
1790468531707868335 1
1790468531914364030 1
1790468532100841150 1
1790468532283793216 1
1790468532485329516 1
1790468532667411483 1
1790468532847747491 1
1790468533032658254 1
1790468533228699498 1
1790468533411996316 1
1790468533608617701 1
1790468533801281245 1
1790468533990348870 1
1790468534190695997 1
1790468534371336127 1
1790468534566271680 1
1790468534749518317 1
1790468534926324938 1
1790468535111834353 1
1790468535304923499 1
1790468535484164946 1
1790468535667209281 1
1790468535844253823 1
1790468536023490067 1
1790468536199847054 1
1790468536378527344 1
1790468536559179363 1
1790468536738653585 1
1790468536917720555 1
1790468537101487157 1
1790468537302198125 1
1790468537483682058 1
1790468537668311347 1
1790468537859436012 1
1790468538043346404 1
1790468538226300081 1
1790468538412537442 1
1790468538595148790 1
1790468538801202394 1
1790468538995492098 1
1790468539185502843 1
1790468539374744519 1
1790468539562412605 1
1790468539748206796 1
1790468539936212159 1
1790468540131082644 1
1790468540336433463 1
1790468540564576243 1
1790468540775223566 1
1790468540978886269 1
1790468541197223433 1
1790468541425597794 1
1790468541632426429 1
1790468541821162345 1
1790468542010664932 1
1790468542196340330 1
1790468542383289448 1
1790468542583482607 1
1790468542804358728 1
1790468542992055355 1
1790468543176671326 1
1790468543355293218 1
1790468543535998100 1
1790468543717167348 1
1790468543897097449 1
1790468544079664654 1
1790468544277692435 1
1790468544472136510 1
1790468544704766325 1
1790468544922212714 1
1790468545131217508 1
1790468545327060477 1
1790468545517626770 1
1790468545698129026 1
1790468545880709105 1
1790468546067359054 1
1790468546255383059 1
1790468546443444713 1
1790468546627610383 1
1790468546810691325 1
1790468546993999080 1
1790468547174242908 1
1790468547355863951 1
1790468547533600442 1
1790468547716443185 1
1790468547911011490 1
1790468548097737651 1
1790468548286049139 1
1790468548470466642 1
1790468548657001734 1
1790468548839966594 1
1790468549025253874 1
1790468549205726828 1
1790468549389717359 1
1790468549576689358 1
1790468549759309129 1
1790468549947311387 1
1790468550141092686 1
1790468550329743123 1
1790468550514090132 1
1790468550697333094 1
1790468550878564293 1
1790468551065689724 1
1790468551247215379 1
1790468551427806638 1
1790468551610011426 1
1790468551792776080 1
1790468551989029527 1
1790468552173969536 1
1790468552357711648 1
1790468552542214214 1
1790468552729225783 1
1790468552917272086 1
1790468553102801295 1
1790468553298715802 1
1790468553489452041 1
1790468553679602549 1
1790468553861527232 1
1790468554045005019 1
1790468554255521482 1
1790468554440427582 1
1790468554629300196 1
1790468554813359044 1
1790468555029511203 1
1790468555227024952 1
1790468555408897314 1
1790468555588690323 1
1790468555774576678 1
1790468555973441558 1
1790468556165014376 1
1790468556352501372 1
1790468556539017197 1
1790468556732087136 1
1790468556925437605 1
1790468557111507875 1
1790468557317950866 1
1790468557520418000 1
1790468557721665555 1
1790468557915816657 1
1790468558112499706 1
1790468558309426895 1
1790468558501696999 1
1790468558702033357 1
1790468558905585523 1
1790468559087570568 1
1790468559280125897 1
1790468559469252280 1
1790468559655855402 1
1790468559863304329 1
1790468560058873854 1
1790468560262755367 1
1790468560464971646 1
1790468560654763517 1
1790468560861352869 1
1790468561048838992 1
1790468561232160640 1
1790468561416139395 1
1790468561598963321 1
1790468561779430494 1
1790468561963360321 1
1790468562142478706 1
1790468562321293545 1
1790468562509014783 1
1790468562704959346 1
1790468562890834582 1
1790468563072867586 1
1790468563259414165 1
1790468563437623396 1
1790468563624516366 1
1790468563806706059 1
1790468564000605414 1
1790468564191089917 1
1790468564372387708 1
1790468564552341128 1
1790468564739048086 1
1790468564924242829 1
1790468565099819604 1
1790468565279290171 1
1790468565459206177 1
1790468565641971272 1
1790468565822312248 1
1790468566000405061 1
1790468566182364234 1
1790468566361385391 1
1790468566542856738 1
1790468566723425070 1
1790468566900136043 1
1790468567079042110 1
1790468567270764321 1
1790468567456072461 1
1790468567634741106 1
1790468567815935583 1
1790468567999461370 1
1790468568180321832 1
1790468568360383078 1
1790468568535527000 1
1790468568716575134 1
1790468568903282967 1
1790468569089818023 1
1790468569274740182 1
1790468569459399913 1
1790468569648135480 1
1790468569827955349 1
1790468570011254722 1
1790468570192320507 1
1790468570374246152 1
1790468570555368292 1
1790468570742657748 1
1790468570930291661 1
1790468571114165776 1
1790468571296337242 1
1790468571477223332 1
1790468571661409749 1
1790468571843241034 1
1790468572022504399 1
1790468572203129391 1
1790468572384112219 1
1790468572564591058 1
1790468572742445565 1
1790468572926417057 1
1790468573108527286 1
1790468573288114726 1
1790468573469972626 1
1790468573650334139 1
1790468573835129080 1
1790468574017593966 1
1790468574201268872 1
1790468574395163108 1
1790468574594106880 1
1790468574782297788 1
1790468574979989368 1
1790468575162300953 1
1790468575348272516 1
1790468575528949434 1
1790468575709597568 1
1790468575893123113 1
1790468576084354883 1
1790468576269971858 1
1790468576449598262 1
1790468576646082291 1
1790468576837564350 1
1790468577026602893 1
1790468577214500254 1
1790468577394426020 1
1790468577585317711 1
1790468577784194742 1
1790468577974972968 1
1790468578156154647 1
1790468578347165059 1
1790468578524314125 1
1790468578730743731 1
1790468578923802816 1
1790468579118691421 1
1790468579296416752 1
1790468579473346413 1
1790468579659842779 1
1790468579842996838 1
1790468580063480155 1
1790468580286489745 1
1790468580475964795 1
1790468580669716027 1
1790468580854216563 1
1790468581033194795 1
1790468581216727750 1
