1790467358250098039 1
1790467358436512080 1
1790467358648497094 1
1790467358826405533 1
1790467359007500787 1
1790467359195967231 1
1790467359379825710 1
1790467359567528277 1
1790467359750719744 1
1790467359940494964 1
1790467360123033549 1
1790467360316532817 1
1790467360502369418 1
1790467360681291347 1
1790467360862536738 1
1790467361035709337 1
1790467361217723578 1
1790467361397091404 1
1790467361572402989 1
1790467361750312604 1
1790467361931362139 1
1790467362116555973 1
1790467362297735455 1
1790467362477982465 1
1790467362652388664 1
1790467362829084761 1
1790467363014958676 1
1790467363195271883 1
1790467363383707926 1
1790467363566584243 1
1790467363743339396 1
1790467363933750429 1
1790467364127469405 1
1790467364314091411 1
1790467364497976271 1
1790467364678170239 1
1790467364864001412 1
1790467365042027456 1
1790467365224310933 1
1790467365404695782 1
1790467365583109034 1
1790467365760194491 1
1790467365939538278 1
1790467366137379227 1
1790467366328196013 1
1790467366506659481 1
1790467366685796610 1
1790467366865224138 1
1790467367043463756 1
1790467367232439089 1
1790467367422432424 1
1790467367608556741 1
1790467367788093608 1
1790467367977524521 1
1790467368158122911 1
1790467368347769554 1
1790467368572339021 1
1790467368755597041 1
1790467368960697801 1
1790467369156016589 1
1790467369340328817 1
1790467369543326817 1
1790467369731162325 1
1790467369942079514 1
1790467370123319992 1
1790467370312141423 1
1790467370508761609 1
1790467370696436913 1
1790467370884385523 1
1790467371064465734 1
1790467371243380380 1
1790467371420306591 1
1790467371597569786 1
1790467371775425486 1
1790467371965572618 1
1790467372166709143 1
1790467372348291575 1
1790467372532439829 1
1790467372722630048 1
1790467372901420055 1
1790467373080028207 1
1790467373262523014 1
1790467373438702807 1
1790467373612863984 1
1790467373791247008 1
1790467373970053497 1
1790467374146517442 1
1790467374326945845 1
1790467374511773859 1
1790467374709363950 1
1790467374897335445 1
1790467375081837970 1
1790467375260881385 1
1790467375436522626 1
1790467375613528531 1
1790467375795963119 1
1790467375983218201 1
1790467376183666271 1
1790467376382800797 1
1790467376569020404 1
1790467376780499107 1
1790467376973763814 1
1790467377167528503 1
1790467377365802023 1
1790467377545377266 1
1790467377725548729 1
1790467377903717317 1
1790467378082085126 1
1790467378259983274 1
1790467378435356635 1
1790467378615099145 1
1790467378792147407 1
1790467378974617605 1
1790467379163001107 1
1790467379342277556 1
1790467379526283925 1
1790467379705272481 1
1790467379895406589 1
1790467380087001965 1
1790467380284501403 1
1790467380464398076 1
1790467380648636701 1
1790467380829078578 1
1790467381010751690 1
1790467381198762840 1
1790467381374151878 1
1790467381559790283 1
1790467381750229531 1
1790467381928630638 1
1790467382113204136 1
1790467382294829990 1
1790467382476353802 1
1790467382655441756 1
1790467382832919174 1
1790467383013706458 1
1790467383194918625 1
1790467383371532641 1
1790467383547613344 1
1790467383728775183 1
1790467383906078862 1
1790467384085068820 1
1790467384263402892 1
1790467384441235085 1
1790467384617768058 1
1790467384796130646 1
1790467384977037172 1
1790467385177424437 1
1790467385365164153 1
1790467385568974362 1
1790467385761224684 1
1790467385944073787 1
1790467386120082257 1
1790467386293715189 1
1790467386469636701 1
1790467386650995921 1
1790467386827357877 1
1790467387009316977 1
1790467387213778019 1
1790467387396463727 1
1790467387591106526 1
1790467387800414227 1
1790467388018674650 1
1790467388211591296 1
1790467388401753754 1
1790467388578539075 1
1790467388758298219 1
1790467388934971045 1
1790467389109973190 1
1790467389287291326 1
1790467389465216719 1
1790467389646979290 1
1790467389823132889 1
1790467390002847071 1
1790467390180626133 1
1790467390361740666 1
1790467390541616872 1
1790467390724054807 1
1790467390904819392 1
1790467391081323814 1
1790467391256678449 1
1790467391434076596 1
1790467391607935195 1
1790467391785542758 1
1790467391965850620 1
1790467392142558625 1
1790467392322936179 1
1790467392498587116 1
1790467392674598051 1
1790467392851735372 1
1790467393028513559 1
1790467393211093168 1
1790467393387049852 1
1790467393566359278 1
1790467393743939024 1
1790467393925862382 1
1790467394101284266 1
1790467394278260773 1
1790467394469740834 1
1790467394647260391 1
1790467394829816795 1
1790467395039236551 1
1790467395227210778 1
1790467395409155968 1
1790467395593243692 1
1790467395776818394 1
1790467395974713289 1
1790467396157072334 1
1790467396346549904 1
1790467396539526174 1
1790467396720507829 1
1790467396903163707 1
1790467397081122337 1
1790467397274363472 1
1790467397452026746 1
1790467397634905167 1
1790467397812333977 1
1790467397992526703 1
1790467398165800627 1
1790467398346163132 1
1790467398524698918 1
1790467398698618357 1
1790467398886337449 1
1790467399073401783 1
1790467399250157444 1
1790467399427887391 1
1790467399606342188 1
1790467399780732154 1
1790467399961713177 1
1790467400147362620 1
1790467400328441130 1
1790467400507322393 1
1790467400683470537 1
1790467400859746402 1
1790467401063606904 1
1790467401254754818 1
1790467401439811085 1
1790467401624156348 1
1790467401801854106 1
1790467401982456606 1
1790467402159055256 1
1790467402335682407 1
1790467402513777484 1
1790467402722804331 1
1790467402913776063 1
1790467403092433032 1
1790467403269763586 1
1790467403451071785 1
1790467403625695850 1
1790467403815577222 1
1790467404029319420 1
1790467404210059403 1
1790467404391057343 1
1790467404575398548 1
1790467404753168954 1
1790467404975093998 1
1790467405221601531 1
1790467405524717871 1
1790467405868186097 1
1790467406108774832 1
1790467406367403158 1
1790467406556165964 1
1790467406777016587 1
1790467407014605947 1
1790467407224022166 1
1790467407411962524 1
1790467407600481188 1
1790467407789473608 1
1790467407964512182 1
1790467408140967317 1
1790467408334618610 1
1790467408516014428 1
1790467408698348811 1
1790467408877961031 1
1790467409053157406 1
1790467409238304699 1
1790467409414781248 1
1790467409591760362 1
1790467409773712485 1
1790467409965678807 1
1790467410158784171 1
1790467410364495606 1
1790467410557453100 1
1790467410765324847 1
1790467410954735082 1
1790467411151413087 1
1790467411348409030 1
1790467411563676454 1
1790467411794576803 1
1790467411990125546 1
1790467412201550652 1
1790467412393226202 1
1790467412583451866 1
1790467412772295862 1
1790467412963501864 1
1790467413152771769 1
1790467413348175537 1
1790467413545309233 1
1790467413736089413 1
1790467413926627545 1
1790467414112934540 1
1790467414299543859 1
1790467414484963671 1
1790467414671466066 1
1790467414862376072 1
1790467415050019071 1
1790467415239064978 1
1790467415431111027 1
1790467415620692777 1
1790467415799725905 1
1790467415990913679 1
1790467416166620879 1
1790467416344896023 1
1790467416525169607 1
1790467416700893773 1
1790467416897480734 1
1790467417082296143 1
1790467417264812847 1
1790467417454108972 1
1790467417636469109 1
1790467417816428896 1
1790467417995572586 1
1790467418186894807 1
1790467418372683205 1
1790467418553939461 1
1790467418736242301 1
1790467418920540030 1
1790467419122148246 1
1790467419301869760 1
1790467419490503205 1
1790467419678968368 1
1790467419853999923 1
1790467420031573368 1
1790467420209051558 1
1790467420393031390 1
1790467420573112288 1
1790467420754753804 1
1790467420939970732 1
1790467421141032153 1
1790467421322378760 1
1790467421499361834 1
1790467421687702423 1
1790467421863736691 1
1790467422048116417 1
1790467422228607576 1
1790467422409435872 1
1790467422600064038 1
1790467422786736564 1
1790467422969809809 1
1790467423145520629 1
1790467423318926890 1
