1790473782195785378 1
1790473782370264969 1
1790473782550470839 1
1790473782730340219 1
1790473782910491948 1
1790473783096217921 1
1790473783273449423 1
1790473783449621022 1
1790473783627115728 1
1790473783806253292 1
1790473783981763660 1
1790473784166734445 1
1790473784346920200 1
1790473784544779719 1
1790473784734124872 1
1790473784941697603 1
1790473785136337294 1
1790473785332439596 1
1790473785517105987 1
1790473785699857133 1
1790473785883539306 1
1790473786070821200 1
1790473786268226530 1
1790473786465607565 1
1790473786662599985 1
1790473786846006825 1
1790473787037048552 1
1790473787239525919 1
1790473788430394289 0
1790473789614298774 0
1790473790797650599 0
1790473791989691737 0
1790473793178167571 0
1790473794354137785 0
1790473795530831609 0
1790473796712638902 0
1790473797895628420 0
1790473799073532528 0
1790473800252807858 0
1790473801438594643 0
1790473802615335837 0
1790473803796313032 0
1790473804975586062 0
1790473806154283907 0
1790473807335487577 0
1790473808518298133 0
1790473809698786973 0
1790473810885312384 0
1790473812064284803 0
1790473813243299868 0
1790473814432742140 0
1790473815617162376 0
1790473816804990165 0
1790473817993770613 0
1790473819192590555 0
1790473820390933185 0
1790473821577957971 0
1790473822763092276 0
1790473823953604954 0
1790473825139328304 0
1790473826329011371 0
1790473827521128630 0
1790473828725025136 0
1790473829931362684 0
1790473831107670036 0
1790473832285280028 0
1790473833484346447 0
1790473834661941145 0
1790473835838390768 0
1790473837016959358 0
1790473838198654209 0
1790473839372131444 0
1790473840550685446 0
1790473841727186394 0
1790473842905107543 0
1790473844083289370 0
1790473845262203920 0
1790473846441015610 0
1790473847619043205 0
1790473848800266514 0
1790473849979899135 0
1790473851164826908 0
1790473852349089318 0
1790473853528143785 0
1790473854709642799 0
1790473855896726232 0
1790473857079981735 0
1790473858258443286 0
1790473859439415311 0
1790473860617691184 0
1790473861797306109 0
1790473862979018523 0
1790473864158521647 0
1790473865367668790 0
1790473866558057173 0
1790473867743478259 0
1790473868938291065 0
1790473870127408931 0
1790473871309747443 0
1790473872511618524 0
1790473873690395830 0
1790473874874129105 0
1790473876051512945 0
1790473877230110919 0
1790473878405200989 0
1790473879586661107 0
1790473880765172957 0
1790473881940785395 0
1790473883143433967 0
1790473884336437569 0
1790473885518996842 0
1790473886704085708 0
1790473887883937850 0
1790473889061854880 0
1790473890246640654 0
1790473891442985889 0
1790473892656537887 0
1790473893853345027 0
1790473895106776230 0
1790473896309529838 0
1790473897488639715 0
1790473898680350658 0
1790473899860410972 0
1790473901035793975 0
1790473902214259785 0
1790473903397679410 0
1790473904578218116 0
1790473905757874126 0
1790473906939954505 0
1790473908121123738 0
1790473909310686898 0
1790473910486395441 0
1790473911671722599 0
1790473912853888145 0
1790473914036121677 0
1790473915217393480 0
1790473916400464001 0
1790473917580969854 0
1790473918759327201 0
1790473919949002231 0
1790473921128460289 0
1790473922311838559 0
1790473923489833548 0
1790473924670906345 0
1790473925850737111 0
1790473927026080015 0
1790473928203942350 0
1790473929380570195 0
1790473930563217172 0
1790473931738103649 0
1790473932915615258 0
1790473934090806096 0
1790473935269625265 0
1790473936446804339 0
1790473937621899017 0
1790473938794861313 0
1790473939971201394 0
1790473941155535548 0
1790473942335786945 0
1790473943511740837 0
1790473944691767851 0
1790473945875005885 0
1790473947055132019 0
1790473948233569262 0
1790473949413235268 0
1790473950591517364 0
1790473951772016717 0
1790473952948750594 0
1790473954127845616 0
1790473955307129906 0
1790473956488075182 0
1790473957668390646 0
1790473958849538841 0
1790473960031042973 0
1790473961208019905 0
1790473962398450252 0
1790473963576391576 0
1790473964758529573 0
1790473965942814542 0
1790473967128533316 0
1790473968309374677 0
1790473969487767572 0
1790473970663946101 0
1790473971844830839 0
1790473973025440312 0
1790473974201206998 0
1790473975380522162 0
1790473976557699694 0
1790473977739929834 0
1790473978920456575 0
1790473980098332257 0
1790473980275186902 1
1790473980518017954 1
1790473980716746489 1
1790473980891675714 1
1790473981069156617 1
1790473981253281956 1
1790473981429752994 1
1790473981607538702 1
1790473981783991904 1
1790473981962589286 1
1790473982137324275 1
1790473982315748460 1
1790473982497379735 1
1790473982680619125 1
1790473982857750858 1
1790473983039625696 1
1790473983218901727 1
1790473983394629663 1
1790473983570160772 1
1790473983748859374 1
1790473983924576531 1
1790473984102479192 1
1790473984278682020 1
1790473984459713777 1
1790473984637669045 1
1790473984818833846 1
1790473984998236447 1
1790473985175819902 1
1790473985351690553 1
1790473985527966474 1
1790473985707079728 1
1790473985884535418 1
1790473986062125538 1
1790473986238430959 1
1790473986411255704 1
1790473986587649128 1
1790473986763231815 1
1790473986939548629 1
1790473987122557051 1
1790473987304107282 1
1790473987479749999 1
1790473987656977016 1
1790473987837453405 1
1790473988020081209 1
1790473988206789130 1
1790473988393506373 1
1790473988571601191 1
1790473988749609189 1
1790473988926723453 1
1790473989104145858 1
1790473989284288347 1
1790473989459942711 1
1790473989636024560 1
1790473989816021789 1
1790473989999484714 1
1790473990174149150 1
1790473990351201095 1
1790473990524998100 1
1790473990704378073 1
1790473990880351712 1
1790473991057684488 1
1790473991232474753 1
1790473991413641444 1
1790473991592443230 1
1790473991769782137 1
1790473991953786866 1
1790473992134810419 1
1790473992319171564 1
1790473992496786589 1
1790473992671096688 1
1790473992848491450 1
1790473993026235148 1
1790473993206357076 1
1790473993388003321 1
1790473993570980030 1
1790473993753599535 1
1790473993931647104 1
1790473994108741118 1
1790473994286775061 1
1790473994462143879 1
1790473994639527063 1
1790473994817830628 1
1790473994990293635 1
1790473995167110436 1
1790473995346122392 1
1790473995525286114 1
1790473995705142923 1
1790473995890607807 1
1790473996067732762 1
1790473996243634646 1
1790473996421246918 1
1790473996598496561 1
1790473996772905643 1
1790473996952282002 1
1790473997131724323 1
1790473997312956797 1
1790473997490286314 1
1790473997667624632 1
1790473997845985414 1
1790473998021168345 1
1790473998199393003 1
1790473998385078168 1
1790473998567047739 1
1790473998744667478 1
1790473998929059069 1
1790473999113638403 1
1790473999298062882 1
1790473999476923611 1
1790473999658515087 1
1790473999844356888 1
1790474000022256443 1
1790474000197699042 1
1790474000376812112 1
1790474000555570076 1
1790474000732121608 1
1790474000913849366 1
1790474001091091566 1
1790474001269919016 1
1790474001447325659 1
1790474001623499269 1
1790474001802391036 1
1790474001976936460 1
1790474002151554794 1
1790474002325614695 1
1790474002502738066 1
1790474002678191577 1
1790474002862167294 1
1790474003038637004 1
1790474003211170969 1
1790474003386591545 1
1790474003561533440 1
1790474003746568895 1
1790474003934701833 1
1790474004116227836 1
1790474004298146113 1
1790474004474952416 1
1790474004650994772 1
1790474004832786363 1
1790474005009055372 1
1790474005186980128 1
1790474005362293181 1
1790474005540608458 1
1790474005716597140 1
1790474005893909656 1
1790474006073492019 1
1790474006246965071 1
1790474006434769310 1
1790474006612587718 1
1790474006790576424 1
1790474006965668794 1
1790474007140672817 1
1790474007327426284 1
1790474007503193079 1
1790474007679344343 1
1790474007858294860 1
1790474008034939513 1
1790474008212938104 1
1790474008388088226 1
1790474008563113094 1
1790474008737030155 1
1790474008918460099 1
1790474009097316856 1
1790474009279654794 1
1790474009467423754 1
1790474009650684899 1
1790474009831012334 1
1790474010010508126 1
1790474010190965863 1
1790474010367837210 1
1790474010545297991 1
1790474010722755186 1
1790474010900325562 1
1790474011076447962 1
1790474011252874137 1
1790474011433477081 1
1790474011611399075 1
1790474011793229635 1
1790474011973781271 1
1790474012152447714 1
1790474012337360313 1
1790474012512200408 1
1790474012691012097 1
1790474012870241208 1
1790474013044208761 1
1790474013225762648 1
1790474013403949621 1
1790474013587566184 1
1790474013771245000 1
1790474013957494365 1
1790474014138724668 1
1790474014327981456 1
1790474014512405693 1
1790474014701327631 1
1790474014890465523 1
1790474015078167020 1
1790474015260024216 1
1790474015442914609 1
1790474015624117024 1
1790474015811046085 1
1790474015994627020 1
1790474016172406891 1
1790474016347774949 1
1790474016522271376 1
1790474016699078997 1
1790474016880816927 1
1790474017057307820 1
1790474017230716665 1
1790474017409111198 1
1790474017588168417 1
1790474017769654027 1
1790474017946165196 1
1790474018124402872 1
1790474018304968713 1
1790474018484011352 1
1790474018668871178 1
1790474018857516972 1
1790474019035151253 1
1790474019212487854 1
1790474019390311498 1
1790474019574948214 1
1790474019760596662 1
1790474019942834838 1
1790474020129957948 1
1790474020308350343 1
1790474020488604284 1
1790474020670260108 1
1790474020850735451 1
1790474021032791342 1
1790474021216587055 1
1790474021395010425 1
1790474021572374320 1
1790474021752986861 1
1790474021933727267 1
1790474022114264494 1
1790474022296870282 1
1790474022478095941 1
1790474022656315763 1
1790474022835977673 1
1790474023034654414 1
1790474023232905317 1
1790474023412005256 1
1790474023593639958 1
1790474023772147981 1
1790474023955116228 1
1790474024134599884 1
1790474024314783395 1
1790474024494300824 1
1790474024684334657 1
1790474024864245378 1
1790474025056037621 1
1790474025241301982 1
1790474025424774673 1
1790474025628949048 1
1790474025806737135 1
1790474025986132243 1
1790474026164629599 1
1790474026343000674 1
1790474026530841479 1
1790474026712144643 1
1790474026887374323 1
1790474027062452704 1
1790474027238553410 1
1790474027415522513 1
1790474027590710005 1
1790474027766290696 1
1790474027945900182 1
1790474028120415249 1
1790474028301704537 1
1790474028489472468 1
1790474028672192247 1
1790474028851795594 1
1790474029029057747 1
1790474029207007292 1
1790474029386529758 1
1790474029568148270 1
1790474029764137265 1
1790474029949184330 1
1790474030128864296 1
1790474030314349235 1
1790474030499923701 1
1790474030680046669 1
1790474030861069000 1
1790474031037560638 1
1790474031214468017 1
1790474031393824831 1
1790474031573035426 1
1790474031750555652 1
1790474031933693731 1
1790474032111236181 1
1790474032289534093 1
1790474032470768571 1
1790474032652806133 1
1790474032832993646 1
1790474033010322586 1
1790474033190167994 1
1790474033370032430 1
1790474033546567396 1
1790474033723032022 1
1790474033902499550 1
1790474034081651300 1
1790474034258656305 1
1790474034434414277 1
1790474034611599941 1
1790474034789139078 1
1790474034966897387 1
1790474035147598785 1
1790474035328100762 1
1790474035504027161 1
1790474035689541000 1
1790474035869178003 1
1790474036051969258 1
1790474036236580030 1
1790474036418363412 1
1790474036594899843 1
1790474036774800340 1
1790474036959398317 1
1790474037151032306 1
1790474037338659957 1
1790474037516323110 1
1790474037693970194 1
1790474037871049276 1
1790474038053596666 1
1790474038234224424 1
1790474038412459533 1
1790474038591658569 1
1790474038770259299 1
1790474038952746618 1
1790474039142044536 1
1790474039324615277 1
1790474039506617604 1
1790474039689205083 1
1790474039874161295 1
1790474040055227688 1
1790474040235685169 1
1790474040412579584 1
1790474040588677797 1
1790474040770142016 1
1790474040954687461 1
1790474041140921703 1
1790474041326211776 1
1790474041514807228 1
1790474041690335440 1
1790474041870094743 1
1790474042048890294 1
1790474042227024436 1
1790474042405587220 1
1790474042586577276 1
1790474042770755569 1
1790474042950666763 1
1790474043127593757 1
1790474043309120021 1
1790474043497066067 1
1790474043672889106 1
1790474043851100254 1
1790474044033009058 1
1790474044211367403 1
1790474044391480624 1
1790474044570020652 1
1790474044746294825 1
1790474044924540543 1
1790474045103865053 1
1790474045284009396 1
1790474045462714975 1
1790474045636404122 1
1790474045811720497 1
1790474045987777611 1
1790474046170311873 1
1790474046352185181 1
1790474046534374698 1
1790474046715538932 1
1790474046895527030 1
1790474047079951089 1
1790474047257409151 1
