1790468020506097481 1
1790468020687757690 1
1790468020875141851 1
1790468021063721179 1
1790468021251378810 1
1790468021437101688 1
1790468021624541594 1
1790468021819223365 1
1790468022013959463 1
1790468022198863539 1
1790468022395462076 1
1790468022590231626 1
1790468022786788095 1
1790468022988589985 1
1790468023185705860 1
1790468023374448974 1
1790468023568936646 1
1790468023755551246 1
1790468023955065305 1
1790468024148376232 1
1790468024345382120 1
1790468024534529275 1
1790468024722475241 1
1790468024922732655 1
1790468025106844035 1
1790468025301796722 1
1790468025513440278 1
1790468025704246385 1
1790468025890332562 1
1790468026074097788 1
1790468026255638826 1
1790468026441608222 1
1790468026645125618 1
1790468026840020036 1
1790468027027303611 1
1790468027215396518 1
1790468027401876268 1
1790468027584023523 1
1790468027784917066 1
1790468028016951306 1
1790468028213362558 1
1790468028405786420 1
1790468028599248584 1
1790468028784395280 1
1790468028975885372 1
1790468029165223765 1
1790468029352129487 1
1790468029537043040 1
1790468029720048167 1
1790468029916902313 1
1790468030107745012 1
1790468030296466282 1
1790468030480575871 1
1790468030673055574 1
1790468030860448220 1
1790468031046876586 1
1790468031229292317 1
1790468031417857997 1
1790468031602714747 1
1790468031786823869 1
1790468031977313502 1
1790468032179792125 1
1790468032373949760 1
1790468032590205057 1
1790468032776984933 1
1790468032971443093 1
1790468033174040626 1
1790468033371977178 1
1790468033572220379 1
1790468033756744209 1
1790468033946937288 1
1790468034135454784 1
1790468034324650879 1
1790468034514576543 1
1790468034704225234 1
1790468034897363143 1
1790468035092511956 1
1790468035283233793 1
1790468035474852858 1
1790468035665881419 1
1790468035869886542 1
1790468036059619421 1
1790468036244858085 1
1790468036425496120 1
1790468036610816823 1
1790468036796782434 1
1790468036985303517 1
1790468037179637290 1
1790468037365580561 1
1790468037559096746 1
1790468037737045361 1
1790468037931875709 1
1790468038116893491 1
1790468038308908451 1
1790468038509088933 1
1790468038715289994 1
1790468038945588161 1
1790468039132411903 1
1790468039319706503 1
1790468039509598695 1
1790468039725796958 1
1790468039921058091 1
1790468040107272190 1
1790468040296600538 1
1790468040482982440 1
1790468040671962646 1
1790468040859961542 1
1790468041049354376 1
1790468041237834417 1
1790468041420608601 1
1790468041605180571 1
1790468041798447573 1
1790468041991043778 1
1790468042182180720 1
1790468042367807611 1
1790468042559724818 1
1790468042750489143 1
1790468042939721763 1
1790468043127554043 1
1790468043315051438 1
1790468043497879832 1
1790468043694769399 1
1790468043896183646 1
1790468044096166016 1
1790468044287237472 1
1790468044488046099 1
1790468044683454780 1
1790468044868157591 1
1790468045056020688 1
1790468045243739316 1
1790468045430798976 1
1790468045620138049 1
1790468045812212736 1
1790468046001802134 1
1790468046183715864 1
1790468046369754224 1
1790468046563146256 1
1790468046751090774 1
1790468046955770235 1
1790468047149250549 1
1790468047341365315 1
1790468047535467758 1
1790468047723687567 1
1790468047911712356 1
1790468048093299606 1
1790468048279558100 1
1790468048464394619 1
1790468048647544918 1
1790468048834993585 1
1790468049044479962 1
1790468049244090213 1
1790468049441602714 1
1790468049635529865 1
1790468049819595969 1
1790468050033759853 1
1790468050218596819 1
1790468050403450995 1
1790468050598316280 1
1790468050780106473 1
1790468050972528566 1
1790468051160775268 1
1790468051348516973 1
1790468051544278705 1
1790468051731180766 1
1790468051925583262 1
1790468052118529725 1
1790468052308375863 1
1790468052497414377 1
1790468052688460388 1
1790468052877223464 1
1790468053065246260 1
1790468053253695847 1
1790468053484094689 1
1790468053675998465 1
1790468053868887090 1
1790468054069273888 1
1790468054267828378 1
1790468054465754829 1
1790468054676509716 1
1790468054871038669 1
1790468055060439116 1
1790468055258416432 1
1790468055452937689 1
1790468055644964667 1
1790468055829423121 1
1790468056025454958 1
1790468056205463186 1
1790468056389985333 1
1790468056584117241 1
1790468056784338443 1
1790468056976553188 1
1790468057173702865 1
1790468057361276039 1
1790468057546090085 1
1790468057732217541 1
1790468057917579152 1
1790468058101351914 1
1790468058283714963 1
1790468058465191295 1
1790468058649164104 1
1790468058839212740 1
1790468059046312159 1
1790468059246601467 1
1790468059449049503 1
1790468059662256567 1
1790468059865287616 1
1790468060077887704 1
1790468060282470957 1
1790468060481064616 1
1790468060670616128 1
1790468060874002016 1
1790468061062758494 1
1790468061252966477 1
1790468061443411809 1
1790468061630006933 1
1790468061819308897 1
1790468062005154004 1
1790468062198671108 1
1790468062392766190 1
1790468062592742153 1
1790468062779114521 1
1790468062982547637 1
1790468063180676096 1
1790468063370728571 1
1790468063563105418 1
1790468063750728188 1
1790468063935727636 1
1790468064145140390 1
1790468064330816140 1
1790468064538825450 1
1790468064731410127 1
1790468064967201642 1
1790468065181438131 1
1790468065404023856 1
1790468065628529578 1
1790468065838070117 1
1790468066042042708 1
1790468066251146980 1
1790468066454911165 1
1790468066651230525 1
1790468066848031467 1
1790468067074449746 1
1790468067291079632 1
1790468067481769018 1
1790468067696231565 1
1790468067907412700 1
1790468068120804505 1
1790468068329281771 1
1790468068516181467 1
1790468068719371608 1
1790468068921441402 1
1790468069142911411 1
1790468069348242191 1
1790468069534047123 1
1790468069719300735 1
1790468069899227613 1
1790468070112600632 1
1790468070364970313 1
1790468070607168898 1
1790468070829155411 1
1790468071043277951 1
1790468071259696380 1
1790468071466415069 1
1790468071669499706 1
1790468071852509012 1
1790468072052000944 1
1790468072248381929 1
1790468072438442244 1
1790468072632562203 1
1790468072838450042 1
1790468073025598514 1
1790468073211228388 1
1790468073389382017 1
1790468073574408579 1
1790468073756020498 1
1790468073943185329 1
1790468074139382136 1
1790468074329948932 1
1790468074518669260 1
1790468074700635435 1
1790468074883061999 1
1790468075060266752 1
1790468075240475342 1
1790468075427640363 1
1790468075613076709 1
1790468075799268917 1
1790468075985986389 1
1790468076165045193 1
1790468076344303666 1
1790468076521136084 1
1790468076698793136 1
1790468076887495298 1
1790468077069420922 1
1790468077253138045 1
1790468077430852835 1
1790468077609585328 1
1790468077787855897 1
1790468077986436062 1
1790468078175133513 1
1790468078354566337 1
1790468078530668422 1
1790468078708353202 1
1790468078896697215 1
1790468079074739326 1
1790468079261290954 1
1790468079437441626 1
1790468079614457705 1
1790468079800895477 1
1790468079999624462 1
1790468080181902414 1
1790468080362168309 1
1790468080540489819 1
1790468080722012803 1
1790468080914735374 1
1790468081100063163 1
1790468081282667527 1
1790468081467872207 1
1790468081655097388 1
1790468081833266405 1
1790468082016320231 1
1790468082204713133 1
1790468082381319679 1
1790468082569454871 1
1790468082757619689 1
1790468082955421629 1
1790468083154475834 1
1790468083341686699 1
1790468083555835103 1
1790468083752905267 1
1790468083939961109 1
1790468084130532653 1
1790468084316521138 1
1790468084497350444 1
1790468084673609940 1
1790468084851092813 1
1790468085032704032 1
1790468085208183598 1
1790468085391399152 1
1790468085574628244 1
