1790474422139845560 1
1790474422321065249 1
1790474422497232144 1
1790474422677681133 1
1790474422858173272 1
1790474423039535461 1
1790474423221586795 1
1790474423404649301 1
1790474423582645016 1
1790474423760958559 1
1790474423937351222 1
1790474424115458001 1
1790474424292930102 1
1790474424470475524 1
1790474424647138853 1
1790474424821982982 1
1790474424999204935 1
1790474425177898499 1
1790474425355048954 1
1790474425531947756 1
1790474425716854094 1
1790474425896067399 1
1790474426071843893 1
1790474426248271259 1
1790474426424295061 1
1790474426604135538 1
1790474426780700778 1
1790474426957543341 1
1790474427144515248 1
1790474428351923755 0
1790474429527956479 0
1790474430705806785 0
1790474431884069898 0
1790474433063665440 0
1790474434241811912 0
1790474435418664485 0
1790474436598010583 0
1790474437776154324 0
1790474438956998635 0
1790474440133155680 0
1790474441316318690 0
1790474442494326291 0
1790474443671317390 0
1790474444854329017 0
1790474446040159610 0
1790474447216196325 0
1790474448394387445 0
1790474449572508680 0
1790474450769749252 0
1790474451946147552 0
1790474453126072980 0
1790474454304370932 0
1790474455487221024 0
1790474456661401878 0
1790474457853367940 0
1790474459029359875 0
1790474460214728913 0
1790474461393454527 0
1790474462577730157 0
1790474463754530066 0
1790474464933949329 0
1790474466114752618 0
1790474466297265573 1
1790474466482362964 1
1790474466663732847 1
1790474466839959399 1
1790474467020309499 1
1790474467197414954 1
1790474467369550441 1
1790474467549650909 1
1790474467732664794 1
1790474467912791111 1
1790474468090205762 1
1790474468264066165 1
1790474468442680245 1
1790474468616120879 1
1790474468794502917 1
1790474468970233696 1
1790474469149440320 1
1790474469325351252 1
1790474469504426635 1
1790474469684008164 1
1790474469869342594 1
1790474470050865845 1
1790474470228613253 1
1790474470404526195 1
1790474470582467258 1
1790474470768633271 1
1790474470948491785 1
1790474471131404215 1
1790474471313834931 1
1790474471491089750 1
1790474471668869122 1
1790474471846683740 1
1790474472026559969 1
1790474472201606061 1
1790474472382811864 1
1790474472558392849 1
1790474472733850450 1
1790474472909925975 1
1790474473085772305 1
1790474473258463799 1
1790474473435204499 1
1790474473612157763 1
1790474473786823509 1
1790474473962982577 1
1790474474138564940 1
1790474474316189862 1
1790474474494091468 1
1790474474674982757 1
1790474474850422648 1
1790474475026830443 1
1790474475203132489 1
1790474475378879866 1
1790474475555127902 1
1790474475733687532 1
1790474475918133762 1
1790474476098893819 1
1790474476278388035 1
1790474476461122739 1
1790474476636338410 1
1790474476816048199 1
1790474476994067123 1
1790474477178106449 1
1790474477355320708 1
1790474477532363950 1
1790474477711731630 1
1790474477885656024 1
1790474478063391038 1
1790474478241414651 1
1790474478422256163 1
1790474478596531753 1
1790474478773105958 1
1790474478951832760 1
1790474479137248113 1
1790474479320839884 1
1790474479497410101 1
1790474479676713236 1
1790474479853813462 1
1790474480031038317 1
1790474480207889166 1
1790474480385359955 1
1790474480560092719 1
1790474480735794009 1
1790474480910293877 1
1790474481086072375 1
1790474481269366953 1
1790474481453195784 1
1790474481637070298 1
1790474481824844245 1
1790474482002101150 1
1790474482178530600 1
1790474482357931294 1
1790474482533252148 1
1790474482710412050 1
1790474482888194837 1
1790474483070019718 1
1790474483252630370 1
1790474483429583943 1
1790474483605348546 1
1790474483786194541 1
1790474483961487157 1
1790474484137689557 1
1790474484316466828 1
1790474484491347776 1
1790474484667070499 1
1790474484847969737 1
1790474485023483829 1
1790474485201110996 1
1790474485377503224 1
1790474485554990184 1
1790474485729105047 1
1790474485909448732 1
1790474486089589948 1
1790474486269913115 1
1790474486448909200 1
1790474486629284939 1
1790474486814569632 1
1790474486998672428 1
1790474487181149055 1
1790474487359168207 1
1790474487532641807 1
1790474487709859901 1
1790474487890279856 1
1790474488068980227 1
1790474488246509763 1
1790474488421780504 1
1790474488601184175 1
1790474488777597259 1
1790474488954655467 1
1790474489133128486 1
1790474489311656981 1
1790474489486510058 1
1790474489665398313 1
1790474489843213961 1
1790474490025792207 1
1790474490205430425 1
1790474490382927896 1
1790474490560782871 1
1790474490737426789 1
1790474490916904844 1
1790474491096213173 1
1790474491273058440 1
1790474491457455749 1
1790474491637198678 1
1790474491812915447 1
1790474491996474156 1
1790474492173418566 1
1790474492356331295 1
1790474492536421498 1
1790474492720910838 1
1790474492898845209 1
1790474493075774787 1
1790474493250662713 1
1790474493435042093 1
1790474493624178056 1
1790474493799138058 1
1790474493992313111 1
1790474494183234573 1
1790474494364845286 1
1790474494538492712 1
1790474494716826570 1
1790474494902002026 1
1790474495077348717 1
1790474495257868663 1
1790474495434587838 1
1790474495612733370 1
1790474495789764614 1
1790474495976458351 1
1790474496155468169 1
1790474496335713246 1
1790474496510171701 1
1790474496690207791 1
1790474496875300175 1
1790474497053707448 1
1790474497234379774 1
1790474497418065200 1
1790474497596863538 1
1790474497783182370 1
1790474497958433224 1
1790474498134335992 1
1790474498313753779 1
1790474498491418412 1
1790474498670712336 1
1790474498848237268 1
1790474499026698632 1
1790474499203805281 1
1790474499383174408 1
1790474499561668172 1
1790474499737257831 1
1790474499915820780 1
1790474500091384815 1
1790474500268448825 1
1790474500449852040 1
1790474500629675647 1
1790474500805260199 1
1790474500980778147 1
1790474501159396548 1
1790474501339759890 1
1790474501513840947 1
1790474501688661229 1
1790474501866418509 1
1790474502049338450 1
1790474502226667384 1
1790474502402276014 1
1790474502586771679 1
1790474502768521802 1
1790474502948977807 1
1790474503131334218 1
1790474503311957655 1
1790474503488522617 1
1790474503667268740 1
1790474503844506941 1
1790474504025605199 1
1790474504213389578 1
1790474504393571455 1
1790474504570277087 1
1790474504746218119 1
1790474504931734494 1
1790474505117904510 1
1790474505298308265 1
1790474505472911416 1
1790474505652457802 1
1790474505831008653 1
1790474506008066168 1
1790474506185507560 1
1790474506362912784 1
1790474506539461349 1
1790474506713096552 1
1790474506891952316 1
1790474507067245312 1
1790474507249035254 1
1790474507427436907 1
1790474507604930459 1
1790474507787148138 1
1790474507975537689 1
1790474508155443943 1
1790474508342110771 1
1790474508520627038 1
1790474508701977578 1
1790474508885192452 1
1790474509062993489 1
1790474509237793129 1
1790474509415124387 1
1790474509591001399 1
1790474509768178759 1
1790474509947649787 1
1790474510120722532 1
1790474510311653903 1
1790474510490436949 1
1790474510668378373 1
1790474510849576948 1
1790474511027757108 1
1790474511204594137 1
1790474511382138425 1
1790474511559696264 1
1790474511737848189 1
1790474511914650551 1
1790474512094557835 1
1790474512274721673 1
1790474512449973160 1
1790474512637347162 1
1790474512816082216 1
1790474512993607430 1
1790474513180750196 1
1790474513362394406 1
1790474513548492403 1
1790474513728166252 1
1790474513911552622 1
1790474514089117069 1
1790474514269036519 1
1790474514449819340 1
1790474514625795778 1
1790474514803529941 1
1790474514977116591 1
1790474515157052560 1
1790474515336226535 1
1790474515510424517 1
1790474515688667709 1
1790474515867854103 1
1790474516044956941 1
1790474516220050080 1
1790474516390742563 1
1790474516567344757 1
1790474516742804098 1
1790474516928531464 1
1790474517105611628 1
1790474517292478440 1
