1790467507523720315 1
1790467507714895459 1
1790467507897643322 1
1790467508080218774 1
1790467508259940274 1
1790467508459435046 1
1790467508639995178 1
1790467508824617189 1
1790467509013984558 1
1790467509205688313 1
1790467509421513905 1
1790467509602188763 1
1790467509782622749 1
1790467509965204596 1
1790467510139207745 1
1790467510316531973 1
1790467510493579926 1
1790467510672321775 1
1790467510860341480 1
1790467511041257611 1
1790467511219169935 1
1790467511394352818 1
1790467511574359678 1
1790467511751925768 1
1790467511942293693 1
1790467512116477552 1
1790467512295234050 1
1790467512477345781 1
1790467513664734736 0
1790467514849619778 0
1790467516032529287 0
1790467517221243713 0
1790467517400768750 1
1790467517573451878 1
1790467517746800166 1
1790467517930388723 1
1790467518114275832 1
1790467518295393807 1
1790467518476054755 1
1790467518656714759 1
1790467518837416429 1
1790467519019943464 1
1790467519197918851 1
1790467519384367245 1
1790467519566941073 1
1790467519748605363 1
1790467519933081237 1
1790467520112385627 1
1790467520290318936 1
1790467520470100411 1
1790467520650628254 1
1790467520829591216 1
1790467521012118629 1
1790467521191896857 1
1790467521374455694 1
1790467521555652777 1
1790467521732205368 1
1790467521921715238 1
1790467522099402076 1
1790467522279106858 1
1790467522460187154 1
1790467522636990195 1
1790467522818481649 1
1790467522999304754 1
1790467523186397417 1
1790467523366892604 1
1790467523547082449 1
1790467523729422584 1
1790467523910423013 1
1790467524091479720 1
1790467524269295945 1
1790467524452604640 1
1790467524628437191 1
1790467524809098489 1
1790467524989830495 1
1790467525170221478 1
1790467525351982897 1
1790467525535267240 1
1790467525715695962 1
1790467525898831053 1
1790467526080102850 1
1790467526260446218 1
1790467526441299799 1
1790467526614648976 1
1790467526797963846 1
1790467526991304482 1
1790467527168844881 1
1790467527351919157 1
1790467527540329296 1
1790467527742676437 1
1790467527923812827 1
1790467528105856324 1
1790467528284955255 1
1790467528469486758 1
1790467528658483222 1
1790467528843479059 1
1790467529023342353 1
1790467529213389209 1
1790467529392293018 1
1790467529571932575 1
1790467529749615748 1
1790467529930816255 1
1790467530111802778 1
1790467530293423724 1
1790467530471504170 1
1790467530653997748 1
1790467530831781082 1
1790467531012417121 1
1790467531189608421 1
1790467531366317127 1
1790467531545245333 1
1790467531727097528 1
1790467531910400595 1
1790467532086315932 1
1790467532263774184 1
1790467532453264628 1
1790467532630350788 1
1790467532805254924 1
1790467532986443840 1
1790467533165233894 1
1790467533344790247 1
1790467533525356883 1
1790467533718770674 1
1790467533902903614 1
1790467534092071448 1
1790467534294500369 1
1790467534473244342 1
1790467534649727720 1
1790467534830350251 1
1790467535013680514 1
1790467535191118292 1
1790467535370927522 1
1790467535551710371 1
1790467535737885220 1
1790467535919075269 1
1790467536099899023 1
1790467536287500012 1
1790467536480592956 1
1790467536667071928 1
1790467536854559319 1
1790467537031388466 1
1790467537214979594 1
1790467537441898557 1
1790467537648318856 1
1790467537872449782 1
1790467538094595316 1
1790467538342474183 1
1790467538543608390 1
1790467538771905017 1
1790467538969449317 1
1790467539201907607 1
1790467539408054137 1
1790467539608922997 1
1790467539828673865 1
1790467540025025052 1
1790467540213029949 1
1790467540401929999 1
1790467540579853011 1
1790467540772054728 1
1790467540987804617 1
1790467541194937680 1
1790467541420813349 1
1790467541635003435 1
1790467541850172257 1
1790467542042071482 1
1790467542253535296 1
1790467542458570556 1
1790467542663255116 1
1790467542847841330 1
1790467543063970274 1
1790467543249353149 1
1790467543446322207 1
1790467543648759133 1
1790467543853403649 1
1790467544068335417 1
1790467544262578617 1
1790467544456118517 1
1790467544676516863 1
1790467544868556888 1
1790467545058782288 1
1790467545263389653 1
1790467545448565038 1
1790467545628973770 1
1790467545809811091 1
1790467545990794383 1
1790467546171958710 1
1790467546356582274 1
1790467546537403130 1
1790467546720326809 1
1790467546901631748 1
1790467547079486934 1
1790467547257727102 1
1790467547437045349 1
1790467547618756502 1
1790467547794936920 1
1790467547975005586 1
1790467548165288654 1
1790467548350298224 1
1790467548530587446 1
1790467548707260552 1
1790467548893716673 1
1790467549069719438 1
1790467549262063063 1
1790467549448166428 1
1790467549634753684 1
1790467549817003821 1
1790467550024078232 1
1790467550256649163 1
1790467550454801415 1
1790467550682516987 1
1790467550893416009 1
1790467551088272712 1
1790467551283418111 1
1790467551495163707 1
1790467551720595822 1
1790467551913070866 1
1790467552110521324 1
1790467552298263514 1
1790467552481179718 1
1790467552670284530 1
1790467552849404184 1
1790467553028306915 1
1790467553212887950 1
1790467553396831221 1
1790467553582594383 1
1790467553766857681 1
1790467553949799876 1
1790467554131604849 1
1790467554313371171 1
1790467554493195790 1
1790467554677587510 1
1790467554860575265 1
1790467555040496139 1
1790467555225404082 1
1790467555415385919 1
1790467555599079724 1
1790467555786994118 1
1790467555969446589 1
1790467556148798280 1
1790467556334038740 1
1790467556520674070 1
1790467556700458715 1
1790467556887248600 1
1790467557070173040 1
1790467557246984629 1
1790467557450766742 1
1790467557642306081 1
1790467557832565313 1
1790467558028327236 1
1790467558209296188 1
1790467558406577424 1
1790467558584627411 1
1790467558787874574 1
1790467558978464799 1
1790467559177417616 1
1790467559373158284 1
1790467559565822519 1
1790467559758527181 1
1790467559963622903 1
1790467560155145066 1
1790467560354586651 1
1790467560546968071 1
1790467560727415148 1
1790467560917107588 1
1790467561094082503 1
1790467561275161374 1
1790467561459741591 1
1790467561636144489 1
1790467561820167504 1
1790467562000069083 1
1790467562190208785 1
1790467562388643631 1
1790467562569655685 1
1790467562747745952 1
1790467562923042193 1
1790467563103998562 1
1790467563284487882 1
1790467563474205108 1
1790467563663383710 1
1790467563847039562 1
1790467564031680236 1
1790467564214145517 1
1790467564396110720 1
1790467564587544592 1
1790467564783739810 1
1790467564975574440 1
1790467565174299121 1
1790467565366077919 1
1790467565558301082 1
1790467565762962077 1
1790467565969199180 1
1790467566162240549 1
1790467566356175671 1
1790467566553481976 1
1790467566742845986 1
1790467566948179162 1
1790467567148901605 1
1790467567334680063 1
1790467567520761027 1
1790467567710819694 1
1790467567912895751 1
1790467568094246549 1
1790467568285819653 1
1790467568478993693 1
1790467568664130782 1
1790467568864590933 1
1790467569073197498 1
1790467569269436396 1
1790467569448533452 1
1790467569640417995 1
1790467569836611027 1
1790467570055496007 1
1790467570247100041 1
1790467570444567004 1
1790467570631329454 1
1790467570824507867 1
1790467571014950930 1
1790467571197278102 1
1790467571384804732 1
1790467571561437330 1
1790467571743446318 1
1790467571933900003 1
1790467572127207771 1
1790467572316832507 1
1790467572511320708 1
