1790467897156268833 1
1790467897338816373 1
1790467897521754054 1
1790467897705511683 1
1790467897889370588 1
1790467898075429158 1
1790467898261977726 1
1790467898442774375 1
1790467898630368016 1
1790467898838564043 1
1790467899028640317 1
1790467899222032770 1
1790467899401982423 1
1790467899587759526 1
1790467899770668421 1
1790467899960073658 1
1790467900145518307 1
1790467900337306615 1
1790467900534730402 1
1790467900737503600 1
1790467900923258606 1
1790467901105216025 1
1790467901300827848 1
1790467901484705343 1
1790467901668445856 1
1790467901856820654 1
1790467902044510821 1
1790467903239018240 0
1790467904430417021 0
1790467905618544682 0
1790467906818778446 0
1790467908026409316 0
1790467909220986206 0
1790467910406151056 0
1790467911616694933 0
1790467912835076346 0
1790467914023801110 0
1790467915204902471 0
1790467916395251464 0
1790467916589416223 1
1790467916809579289 1
1790467917047209137 1
1790467917269160305 1
1790467917490869908 1
1790467917682169137 1
1790467917872369740 1
1790467918075023539 1
1790467918283439301 1
1790467918467721327 1
1790467918661539003 1
1790467918853649008 1
1790467919032077265 1
1790467919213632033 1
1790467919398678276 1
1790467919590225332 1
1790467919789992491 1
1790467920045367076 1
1790467920246080646 1
1790467920471553303 1
1790467920665641358 1
1790467920851612219 1
1790467921043317939 1
1790467921227530666 1
1790467921429902147 1
1790467921628457177 1
1790467921841496413 1
1790467922053996658 1
1790467922243312308 1
1790467922437272787 1
1790467922632750170 1
1790467922821245257 1
1790467923012130298 1
1790467923195904393 1
1790467923381966027 1
1790467923566243732 1
1790467923751477187 1
1790467923937169022 1
1790467924121861521 1
1790467924319243751 1
1790467924503064542 1
1790467924689768388 1
1790467924873226011 1
1790467925065930154 1
1790467925249562725 1
1790467925433625222 1
1790467925616346743 1
1790467925802064001 1
1790467925990696615 1
1790467926177143126 1
1790467926364518563 1
1790467926554019489 1
1790467926747147684 1
1790467926943260135 1
1790467927156258958 1
1790467927346260158 1
1790467927537533235 1
1790467927722416348 1
1790467927941129886 1
1790467928157356435 1
1790467928355282349 1
1790467928552150336 1
1790467928755405595 1
1790467928944777686 1
1790467929157821773 1
1790467929346185589 1
1790467929533632097 1
1790467929722723335 1
1790467929927152677 1
1790467930118203028 1
1790467930304620529 1
1790467930490053211 1
1790467930677249447 1
1790467930872776726 1
1790467931062432370 1
1790467931250611404 1
1790467931436179067 1
1790467931620729990 1
1790467931835412435 1
1790467932031054140 1
1790467932221653609 1
1790467932413713791 1
1790467932609291356 1
1790467932798647129 1
1790467932988594465 1
1790467933177186092 1
1790467933357969244 1
1790467933552038490 1
1790467933741310009 1
1790467933929902012 1
1790467934116543928 1
1790467934304832590 1
1790467934494876920 1
1790467934683939834 1
1790467934869477604 1
1790467935056041136 1
1790467935245936576 1
1790467935441367590 1
1790467935640920567 1
1790467935835826559 1
1790467936021885318 1
1790467936212212475 1
1790467936405660957 1
1790467936590792815 1
1790467936784239242 1
1790467936973411690 1
1790467937158410448 1
1790467937349488117 1
1790467937547918023 1
1790467937750988481 1
1790467937946730512 1
1790467938139551026 1
1790467938329304181 1
1790467938520779853 1
1790467938709063104 1
1790467938894242579 1
1790467939084475559 1
1790467939267149679 1
1790467939454628474 1
1790467939651218883 1
1790467939848043239 1
1790467940036010606 1
1790467940222059411 1
1790467940409141832 1
1790467940595481485 1
1790467940785973395 1
1790467940981305679 1
1790467941172017440 1
1790467941356515823 1
1790467941553492265 1
1790467941743319314 1
1790467941935540121 1
1790467942134216762 1
1790467942320738152 1
1790467942507830942 1
1790467942706187874 1
1790467942900290595 1
1790467943094771478 1
1790467943310434122 1
1790467943504801359 1
1790467943703533344 1
1790467943914209384 1
1790467944110165242 1
1790467944313378943 1
1790467944505637227 1
1790467944693093973 1
1790467944887558582 1
1790467945096651984 1
1790467945304246158 1
1790467945494636563 1
1790467945684993965 1
1790467945866069616 1
1790467946045550247 1
1790467946236368466 1
1790467946416565420 1
1790467946601223837 1
1790467946788689942 1
1790467946976661528 1
1790467947173453915 1
1790467947382214913 1
1790467947580975661 1
1790467947816739590 1
1790467948018865353 1
1790467948215222034 1
1790467948411172306 1
1790467948604651795 1
1790467948790119105 1
1790467948977505125 1
1790467949163122998 1
1790467949346997728 1
1790467949527856118 1
1790467949711600378 1
1790467949896264152 1
1790467950107990279 1
1790467950293176215 1
1790467950481140792 1
1790467950688326040 1
1790467950897096866 1
1790467951096693488 1
1790467951283367073 1
1790467951480032141 1
1790467951671224623 1
1790467951859586528 1
1790467952047254578 1
1790467952237046045 1
1790467952420320245 1
1790467952609694695 1
1790467952809416910 1
1790467952998459208 1
1790467953185251382 1
1790467953383498879 1
1790467953576881078 1
1790467953767001798 1
1790467953958451642 1
1790467954143714448 1
1790467954328200608 1
1790467954512722232 1
1790467954699282671 1
1790467954882252819 1
1790467955066795837 1
1790467955254497083 1
1790467955436676038 1
1790467955625017495 1
1790467955816630523 1
1790467956004768799 1
1790467956191452894 1
1790467956378402168 1
1790467956565841654 1
1790467956763533738 1
1790467956959283027 1
1790467957145427587 1
1790467957331566683 1
1790467957522566644 1
1790467957709426712 1
1790467957894279875 1
1790467958075648836 1
1790467958265610979 1
1790467958448771278 1
1790467958640768700 1
1790467958841474338 1
1790467959038444494 1
1790467959232611683 1
1790467959421125287 1
1790467959605033758 1
1790467959803503939 1
1790467959991664493 1
1790467960189245720 1
1790467960381316110 1
1790467960566231815 1
1790467960750145179 1
1790467960941488809 1
1790467961137049336 1
1790467961330295351 1
1790467961517552701 1
1790467961700831046 1
1790467961891616907 1
1790467962076859211 1
