1790466968853611509 1
1790466969029616592 1
1790466969204544380 1
1790466969382132545 1
1790466969557341979 1
1790466969742588168 1
1790466969927541846 1
1790466970105249849 1
1790466970292293240 1
1790466970481392845 1
1790466970667582702 1
1790466970850459910 1
1790466971049549837 1
1790466971238538742 1
1790466971424523124 1
1790466971606080103 1
1790466971791135633 1
1790466971969226429 1
1790466972159411585 1
1790466972336152092 1
1790466972516528218 1
1790466972696337325 1
1790466972873455827 1
1790466973050553980 1
1790466973225823869 1
1790466973411309306 1
1790466973588721095 1
1790466973764080819 1
1790466973953704472 1
1790466974129316002 1
1790466974307534424 1
1790466974483083094 1
1790466974660611859 1
1790466974847512613 1
1790466975059229736 1
1790466975257208035 1
1790466975439038919 1
1790466975624977757 1
1790466975813297954 1
1790466975995201737 1
1790466976188015525 1
1790466976372963627 1
1790466976556936474 1
1790466976739051897 1
1790466976933544852 1
1790466977111137628 1
1790466977295997360 1
1790466977491215294 1
1790466977669644772 1
1790466977848511203 1
1790466978026711520 1
1790466978209099495 1
1790466978388925463 1
1790466978574625626 1
1790466978758101824 1
1790466978955084077 1
1790466979144811961 1
1790466979332361117 1
1790466979513301455 1
1790466979693294434 1
1790466979874925615 1
1790466980058321485 1
1790466980241799322 1
1790466980422648970 1
1790466980610801172 1
1790466980819675354 1
1790466981000328361 1
1790466981182454974 1
1790466981367687031 1
1790466981544004982 1
1790466981727026928 1
1790466981919428914 1
1790466982102562876 1
1790466982282600943 1
1790466982459128573 1
1790466982636445581 1
1790466982827086101 1
1790466983068377110 1
1790466983268389518 1
1790466983492567188 1
1790466983687255087 1
1790466983882314640 1
1790466984091151835 1
1790466984313722231 1
1790466984494437274 1
1790466984681151229 1
1790466984870779587 1
1790466985047957792 1
1790466985229941987 1
1790466985444115023 1
1790466985642271129 1
1790466985835208301 1
1790466986028688065 1
1790466986226636817 1
1790466986422755374 1
1790466986625956353 1
1790466986838233690 1
1790466987050848486 1
1790466987277588063 1
1790466987498347749 1
1790466987729765145 1
1790466987943283751 1
1790466988144464177 1
1790466988342588803 1
1790466988530422901 1
1790466988727717907 1
1790466988915898435 1
1790466989099812855 1
1790466989302650704 1
1790466989528567072 1
1790466989747366281 1
1790466989951504654 1
1790466990159608530 1
1790466990386091366 1
1790466990572689514 1
1790466990752909332 1
1790466990938290128 1
1790466991116288894 1
1790466991299600354 1
1790466991487817558 1
1790466991670736200 1
1790466991850561938 1
1790466992036699409 1
1790466992222576548 1
1790466992410617770 1
1790466992591605585 1
1790466992784689004 1
1790466992989503104 1
1790466993172314941 1
1790466993359660345 1
1790466993541078197 1
1790466993730612859 1
1790466993922498916 1
1790466994101396314 1
1790466994304763514 1
1790466994495826950 1
1790466994693106656 1
1790466994885982698 1
1790466995079809645 1
1790466995258925929 1
1790466995444106663 1
1790466995621571451 1
1790466995799949552 1
1790466995981357382 1
1790466996166679327 1
1790466996360340978 1
1790466996542972945 1
1790466996726487411 1
1790466996908412508 1
1790466997102435749 1
1790466997338329055 1
1790466997547186235 1
1790466997762802452 1
1790466997975846222 1
1790466998183665156 1
1790466998363333047 1
1790466998545394944 1
1790466998727873975 1
1790466998906490586 1
1790466999081240553 1
1790466999261713841 1
1790466999440918451 1
1790466999615538087 1
1790466999796876043 1
1790466999993786325 1
1790467000171092527 1
1790467000354684749 1
1790467000535705672 1
1790467000712034507 1
1790467000890401083 1
1790467001073476985 1
1790467001255002204 1
1790467001450499963 1
1790467001635318623 1
1790467001823562621 1
1790467002009385806 1
1790467002191346211 1
1790467002396762620 1
1790467002604627768 1
1790467002794983496 1
1790467002995449469 1
1790467003199725867 1
1790467003405530658 1
1790467003592680029 1
1790467003786866513 1
1790467003986760367 1
1790467004165856266 1
1790467004343790364 1
1790467004522413636 1
1790467004703889448 1
1790467004891471866 1
1790467005069369744 1
1790467005245943788 1
1790467005422364978 1
1790467005599163095 1
1790467005780878246 1
1790467005959542270 1
1790467006136280991 1
1790467006317699801 1
1790467006498177049 1
1790467006674453107 1
1790467006855256666 1
1790467007033219643 1
1790467007233181706 1
1790467007419990799 1
1790467007600673662 1
1790467007787093706 1
1790467007970644861 1
1790467008157517429 1
1790467008351264911 1
1790467008534710051 1
1790467008719341812 1
1790467008896224406 1
1790467009073751613 1
1790467009251239795 1
1790467009429390995 1
1790467009604539095 1
1790467009783254729 1
1790467009961812327 1
1790467010147310193 1
1790467010323859737 1
1790467010503491419 1
1790467010679596101 1
1790467010857969039 1
1790467011040764611 1
1790467011232530764 1
1790467011423194263 1
1790467011601331414 1
1790467011776346332 1
1790467011958501695 1
1790467012143647013 1
1790467012324560615 1
1790467012515810981 1
1790467012705334888 1
1790467012890744295 1
1790467013081406479 1
1790467013265682266 1
1790467013457277475 1
1790467013649693899 1
1790467013840218892 1
1790467014052002029 1
1790467014232582895 1
1790467014418361174 1
1790467014603125873 1
1790467014794260874 1
1790467014996920999 1
1790467015176848748 1
1790467015371995073 1
1790467015567294319 1
1790467015757494143 1
1790467015940987703 1
1790467016129661314 1
1790467016319254399 1
1790467016505298946 1
1790467016687222559 1
1790467016865267695 1
1790467017049559289 1
1790467017238233926 1
1790467017432346361 1
1790467017631645705 1
1790467017842458594 1
1790467018030329621 1
1790467018211773664 1
1790467018400168222 1
1790467018581820029 1
1790467018769871905 1
1790467018959955078 1
1790467019154109451 1
1790467019347873632 1
1790467019536585148 1
1790467019727820974 1
1790467019921313276 1
1790467020110782668 1
1790467020292819549 1
1790467020489123383 1
1790467020679359063 1
1790467020864213612 1
1790467021048520939 1
1790467021238054685 1
1790467021422908943 1
1790467021608992901 1
1790467021833431890 1
1790467022035370964 1
1790467022224301749 1
1790467022417014724 1
1790467022595059097 1
1790467022770652260 1
1790467022960886987 1
1790467023139093852 1
1790467023343383783 1
1790467023527075467 1
1790467023711867156 1
1790467023896650903 1
1790467024084788880 1
1790467024275376551 1
1790467024469186006 1
1790467024665229285 1
1790467024858082305 1
1790467025049708639 1
1790467025237490687 1
1790467025441776242 1
1790467025627443119 1
1790467025815432651 1
1790467025995549990 1
1790467026179866485 1
1790467026356901436 1
1790467026538470082 1
1790467026714437844 1
1790467026892327290 1
1790467027068146385 1
1790467027245480030 1
1790467027423823982 1
1790467027599830237 1
1790467027791034150 1
1790467027973485650 1
1790467028149639767 1
1790467028327930605 1
1790467028505649164 1
1790467028682737939 1
1790467028860399485 1
1790467029042432231 1
1790467029225150543 1
1790467029407028242 1
1790467029592670790 1
1790467029786560371 1
1790467029976506725 1
1790467030169149026 1
1790467030350721173 1
1790467030534024630 1
1790467030714615764 1
1790467030894499549 1
1790467031071170169 1
1790467031251331337 1
1790467031429559274 1
1790467031604846545 1
1790467031784564443 1
1790467031965477955 1
1790467032149759572 1
1790467032329440571 1
1790467032524273809 1
1790467032711921612 1
1790467032901443670 1
1790467033112149142 1
1790467033293429734 1
1790467033483155867 1
1790467033666066744 1
1790467033857777411 1
