1790467117355701397 1
1790467117533205018 1
1790467117710738272 1
1790467117893787257 1
1790467118066642953 1
1790467118242952473 1
1790467118420306763 1
1790467118598714502 1
1790467118775078652 1
1790467118953819455 1
1790467119128035966 1
1790467119304626433 1
1790467119482285803 1
1790467119664630705 1
1790467119845928981 1
1790467120027278573 1
1790467120208842266 1
1790467120388549291 1
1790467120565737282 1
1790467120745267747 1
1790467120920509478 1
1790467121101080590 1
1790467121278753114 1
1790467121462122929 1
1790467121638031699 1
1790467121820658884 1
1790467122001034143 1
1790467122179365192 1
1790467122400667010 1
1790467123586092390 0
1790467124765457683 0
1790467124985540640 1
1790467125179332162 1
1790467125384908691 1
1790467125576163341 1
1790467125773174975 1
1790467125961827501 1
1790467126143823348 1
1790467126327209574 1
1790467126506477488 1
1790467126698738508 1
1790467126875280201 1
1790467127057284810 1
1790467127234503163 1
1790467127428430863 1
1790467127605672801 1
1790467127783215404 1
1790467127965423127 1
1790467128146729630 1
1790467128330109850 1
1790467128507007697 1
1790467128686223518 1
1790467128863975539 1
1790467129040008343 1
1790467129212064783 1
1790467129390141864 1
1790467129566873153 1
1790467129741793216 1
1790467129923059781 1
1790467130100558239 1
1790467130279364735 1
1790467130471168273 1
1790467130680397701 1
1790467130877361761 1
1790467131078890734 1
1790467131263482877 1
1790467131442612800 1
1790467131656634551 1
1790467131844410566 1
1790467132033664407 1
1790467132251691578 1
1790467132446634636 1
1790467132641389187 1
1790467132831594045 1
1790467133022121675 1
1790467133214326080 1
1790467133399206803 1
1790467133580275962 1
1790467133759374762 1
1790467133940506782 1
1790467134122040820 1
1790467134298440563 1
1790467134480234563 1
1790467134657611952 1
1790467134836120142 1
1790467135016249465 1
1790467135195164105 1
1790467135378578611 1
1790467135558704620 1
1790467135748245891 1
1790467135931757813 1
1790467136123697901 1
1790467136319876986 1
1790467136500034233 1
1790467136675951087 1
1790467136856245667 1
1790467137030518636 1
1790467137209970274 1
1790467137395312358 1
1790467137611545823 1
1790467137806469594 1
1790467137989287434 1
1790467138166389177 1
1790467138349252247 1
1790467138528318818 1
1790467138710701579 1
1790467138888626347 1
1790467139073306725 1
1790467139249096884 1
1790467139429493036 1
1790467139608659428 1
1790467139788517209 1
1790467139972670100 1
1790467140151887672 1
1790467140330532178 1
1790467140518323653 1
1790467140699435568 1
1790467140879670692 1
1790467141065129326 1
1790467141255158157 1
1790467141440495900 1
1790467141618507940 1
1790467141824061746 1
1790467142027677954 1
1790467142232808359 1
1790467142420599139 1
1790467142619509276 1
1790467142805594985 1
1790467142999499189 1
1790467143184352607 1
1790467143372949672 1
1790467143560758111 1
1790467143749106648 1
1790467143936469629 1
1790467144124806996 1
1790467144312932288 1
1790467144503001599 1
1790467144691513460 1
1790467144876539340 1
1790467145062159123 1
1790467145250075264 1
1790467145440588741 1
1790467145629661809 1
1790467145817278930 1
1790467146010124172 1
1790467146202419777 1
1790467146400623063 1
1790467146597634907 1
1790467146808274093 1
1790467146996561658 1
1790467147181650890 1
1790467147368764043 1
1790467147552314246 1
1790467147736250675 1
1790467147921849451 1
1790467148102593805 1
1790467148293041502 1
1790467148475858029 1
1790467148667789857 1
1790467148859912469 1
1790467149046226886 1
1790467149230246187 1
1790467149416355588 1
1790467149599161191 1
1790467149789446754 1
1790467149983156922 1
1790467150173287548 1
1790467150365412385 1
1790467150557481427 1
1790467150745258432 1
1790467150933414504 1
1790467151120648902 1
1790467151307665539 1
1790467151525457174 1
1790467151735521071 1
1790467151918501310 1
1790467152097891557 1
1790467152275796778 1
1790467152466090042 1
1790467152644172719 1
1790467152822539668 1
1790467153003416203 1
1790467153188705295 1
1790467153363271421 1
1790467153542196041 1
1790467153718858058 1
1790467153905606203 1
1790467154082553772 1
1790467154260495427 1
1790467154437349327 1
1790467154615529109 1
1790467154796396222 1
1790467154976787893 1
1790467155153635544 1
1790467155333202454 1
1790467155513318839 1
1790467155691754855 1
1790467155868758276 1
1790467156046443097 1
1790467156227446159 1
1790467156403941112 1
1790467156590557177 1
1790467156764056468 1
1790467156944971909 1
1790467157126123989 1
1790467157306343939 1
1790467157501068238 1
1790467157686256210 1
1790467157865937092 1
1790467158044529131 1
1790467158223253495 1
1790467158396202284 1
1790467158572804556 1
1790467158752740663 1
1790467158932198182 1
1790467159106746705 1
1790467159286420600 1
1790467159458795881 1
1790467159640478485 1
1790467159820110793 1
1790467160011013811 1
1790467160187864440 1
1790467160364770047 1
1790467160540593588 1
1790467160712319651 1
1790467160892596645 1
1790467161074461017 1
1790467161253570982 1
1790467161426965225 1
1790467161604512967 1
1790467161779357809 1
1790467161957588371 1
1790467162135529951 1
1790467162315028997 1
1790467162498017345 1
1790467162680394617 1
1790467162858473439 1
1790467163035102407 1
1790467163213366238 1
1790467163389446143 1
1790467163568622528 1
1790467163745071536 1
1790467163930517517 1
1790467164108441630 1
1790467164284059481 1
1790467164461624349 1
1790467164641177226 1
1790467164822761513 1
1790467165000054874 1
1790467165179965166 1
1790467165354977840 1
1790467165540746934 1
1790467165737484018 1
1790467165927225293 1
1790467166117789483 1
1790467166315072891 1
1790467166495809738 1
1790467166685974271 1
1790467166867044255 1
1790467167047182510 1
1790467167226419140 1
1790467167403101596 1
1790467167590188053 1
1790467167772684482 1
1790467167962333089 1
1790467168139350259 1
1790467168317208632 1
1790467168498848818 1
1790467168681530311 1
1790467168859668819 1
1790467169034754465 1
1790467169214438456 1
1790467169392642924 1
1790467169567490036 1
1790467169746088460 1
1790467169926790383 1
1790467170108953266 1
1790467170284200688 1
1790467170461272066 1
1790467170642162831 1
1790467170822333485 1
1790467171000041286 1
1790467171175149411 1
1790467171349865544 1
1790467171526610391 1
1790467171707507877 1
1790467171897057666 1
1790467172073078576 1
1790467172262555530 1
1790467172438233824 1
1790467172610641421 1
1790467172796521554 1
1790467172977530321 1
1790467173161654422 1
1790467173341272674 1
1790467173521107046 1
1790467173700127763 1
1790467173878981783 1
1790467174058098635 1
1790467174238692694 1
1790467174414357072 1
1790467174591246382 1
1790467174767766470 1
1790467174958762708 1
1790467175133616117 1
1790467175311460136 1
1790467175487100056 1
1790467175665848561 1
1790467175849999905 1
1790467176035861127 1
1790467176215386167 1
1790467176391736313 1
1790467176566799975 1
1790467176746846647 1
1790467176928142236 1
1790467177107193085 1
1790467177282914071 1
1790467177458059120 1
1790467177637935844 1
1790467177814902375 1
1790467177994435583 1
1790467178177729105 1
1790467178363391239 1
1790467178545693052 1
1790467178724081206 1
1790467178906041886 1
1790467179083030046 1
1790467179261365102 1
1790467179438712661 1
1790467179617331673 1
1790467179796062265 1
1790467179976139500 1
1790467180168149844 1
1790467180377717556 1
1790467180558923156 1
1790467180738403409 1
1790467180916041722 1
1790467181094676085 1
1790467181270371433 1
1790467181446324933 1
1790467181622072598 1
1790467181797124462 1
1790467181979614916 1
1790467182157181039 1
1790467182333344293 1
