1790467748738887568 1
1790467748928017427 1
1790467749124536484 1
1790467749320253688 1
1790467749514728465 1
1790467749717872496 1
1790467749914764086 1
1790467750111339319 1
1790467750306037806 1
1790467750519402171 1
1790467750727646758 1
1790467750921378032 1
1790467751169892056 1
1790467751372786628 1
1790467751593686681 1
1790467751792494198 1
1790467752052759553 1
1790467752279088634 1
1790467752534483601 1
1790467752721617175 1
1790467752911506324 1
1790467753108318253 1
1790467753297461347 1
1790467753481001863 1
1790467753671552014 1
1790467753871796926 1
1790467754055805828 1
1790467754297854334 1
1790467754518102044 1
1790467754722637440 1
1790467754925807052 1
1790467755128989704 1
1790467755320689251 1
1790467755503142215 1
1790467755696402855 1
1790467755886924258 1
1790467756066077937 1
1790467756253344548 1
1790467756437202003 1
1790467756617994370 1
1790467756805354083 1
1790467756993664491 1
1790467757184161163 1
1790467757385929347 1
1790467757564908622 1
1790467757745001878 1
1790467757937602254 1
1790467758122497120 1
1790467758308018463 1
1790467758491113262 1
1790467758674843244 1
1790467758858989128 1
1790467759050995011 1
1790467759241329338 1
1790467759453191157 1
1790467759633835085 1
1790467759824592011 1
1790467760003128292 1
1790467760182541933 1
1790467760366942866 1
1790467760551140845 1
1790467760730648387 1
1790467760910639907 1
1790467761096437853 1
1790467761277433012 1
1790467761454732860 1
1790467761634785249 1
1790467761816395791 1
1790467762000290303 1
1790467762183279531 1
1790467762379304531 1
1790467762566450453 1
1790467762749756851 1
1790467762929987722 1
1790467763109882104 1
1790467763293203914 1
1790467763474350532 1
1790467763682269432 1
1790467763863164719 1
1790467764050617114 1
1790467764233832920 1
1790467764418570915 1
1790467764600677981 1
1790467764789603214 1
1790467764971914185 1
1790467765155702082 1
1790467765337310934 1
1790467765518610996 1
1790467765696686015 1
1790467765877129413 1
1790467766060525006 1
1790467766246232498 1
1790467766430283196 1
1790467766614357665 1
1790467766794161140 1
1790467766975207191 1
1790467767150618001 1
1790467767335241569 1
1790467767521076197 1
1790467767722490019 1
1790467767913327190 1
1790467768095272931 1
1790467768280030524 1
1790467768471373384 1
1790467768656059267 1
1790467768838063632 1
1790467769021332878 1
1790467769202850782 1
1790467769391699997 1
1790467769574743597 1
1790467769755187524 1
1790467769934218102 1
1790467770113608656 1
1790467770291655132 1
1790467770470720972 1
1790467770649256897 1
1790467770837422004 1
1790467771023488510 1
1790467771202610645 1
1790467771385876922 1
1790467771571026491 1
1790467771755150040 1
1790467771936862189 1
1790467772114819405 1
1790467772292079323 1
1790467772476208163 1
1790467772659612591 1
1790467772851818266 1
1790467773042394451 1
1790467773230619049 1
1790467773418950739 1
1790467773599375193 1
1790467773785291994 1
1790467773972111182 1
1790467774153368898 1
1790467774332843631 1
1790467774515699017 1
1790467774699106312 1
1790467774884846348 1
1790467775067349974 1
1790467775244825728 1
1790467775425662825 1
1790467775666738415 1
1790467775888755835 1
1790467776067913839 1
1790467776250929957 1
1790467776429758401 1
1790467776613025344 1
1790467776800708723 1
1790467776985504765 1
1790467777170543485 1
1790467777353178856 1
1790467777566100871 1
1790467777761615638 1
1790467777967598568 1
1790467778175873480 1
1790467778395917434 1
1790467778608098223 1
1790467778814149770 1
1790467779044881658 1
1790467779252509094 1
1790467779445699805 1
1790467779650696422 1
1790467779845014712 1
1790467780037487715 1
1790467780238743568 1
1790467780469122231 1
1790467780664509904 1
1790467780871150844 1
1790467781082340072 1
1790467781269480838 1
1790467781491497712 1
1790467781691736211 1
1790467781905493082 1
1790467782098698047 1
1790467782313443753 1
1790467782523814460 1
1790467782726833184 1
1790467782940416376 1
1790467783140228872 1
1790467783347697865 1
1790467783557948041 1
1790467783773651202 1
1790467783963105237 1
1790467784166538421 1
1790467784358491899 1
1790467784553205823 1
1790467784766357996 1
1790467784972158978 1
1790467785190454951 1
1790467785397054483 1
1790467785600855957 1
1790467785795416631 1
1790467786016240000 1
1790467786219318893 1
1790467786429230977 1
1790467786635045196 1
1790467786843339862 1
1790467787049163450 1
1790467787239622509 1
1790467787433236939 1
1790467787654524780 1
1790467787853520563 1
1790467788072224183 1
1790467788272179843 1
1790467788484584977 1
1790467788691155776 1
1790467788904786143 1
1790467789118391842 1
1790467789333341254 1
1790467789534796209 1
1790467789731549836 1
1790467789929083026 1
1790467790125481053 1
1790467790316222736 1
1790467790514301645 1
1790467790725760518 1
1790467790920268912 1
1790467791128483395 1
1790467791327446066 1
1790467791549447206 1
1790467791787737870 1
1790467792002165109 1
1790467792215537412 1
1790467792401274141 1
1790467792603475890 1
1790467792799813395 1
1790467793031221991 1
1790467793216097313 1
1790467793437715715 1
1790467793659970856 1
1790467793877315908 1
1790467794096249299 1
1790467794285851952 1
1790467794477271478 1
1790467794676651353 1
1790467794868316076 1
1790467795074721743 1
1790467795259743160 1
1790467795444646559 1
1790467795626400852 1
1790467795818673267 1
1790467796009962200 1
1790467796188018255 1
1790467796379178454 1
1790467796569115322 1
1790467796754769287 1
1790467796948165216 1
1790467797139840275 1
1790467797330635665 1
1790467797527809021 1
1790467797718969384 1
1790467797909175784 1
1790467798104835546 1
1790467798304122731 1
1790467798501504969 1
1790467798696271806 1
1790467798908017720 1
1790467799090718939 1
1790467799287003779 1
1790467799468890508 1
1790467799658326887 1
1790467799876210284 1
1790467800077766076 1
1790467800269981046 1
1790467800456619104 1
1790467800648796532 1
1790467800828609071 1
1790467801019834531 1
1790467801196277379 1
1790467801384288885 1
1790467801562402856 1
1790467801742833467 1
1790467801923623679 1
1790467802115173624 1
1790467802300209118 1
1790467802480068108 1
1790467802665360872 1
1790467802858512384 1
1790467803047587689 1
1790467803245183320 1
1790467803436549057 1
1790467803626508882 1
1790467803848050459 1
1790467804052529426 1
1790467804241464595 1
1790467804434355334 1
1790467804660915733 1
1790467804860580033 1
1790467805074548523 1
1790467805265605647 1
1790467805452546344 1
1790467805653893413 1
1790467805835177825 1
1790467806063642571 1
1790467806278907117 1
1790467806495514020 1
1790467806696328132 1
1790467806926297811 1
1790467807146808221 1
1790467807362298244 1
1790467807576707639 1
1790467807771959518 1
1790467807979284683 1
1790467808207383036 1
1790467808426493373 1
1790467808655309425 1
1790467808866537868 1
1790467809082321362 1
1790467809279721688 1
1790467809470836345 1
1790467809667046541 1
1790467809857916797 1
1790467810057501434 1
1790467810262253603 1
1790467810452158979 1
1790467810653325406 1
1790467810841656203 1
1790467811065558041 1
1790467811272741394 1
1790467811500953829 1
1790467811762855755 1
1790467811977069832 1
1790467812171092208 1
1790467812358906619 1
1790467812538408031 1
1790467812755359836 1
1790467812958746969 1
1790467813192271792 1
1790467813399017531 1
1790467813582321539 1
1790467813808066013 1
