1790468638618095949 1
1790468638796474455 1
1790468638978802437 1
1790468639159027914 1
1790468639338547919 1
1790468639515085917 1
1790468639693585804 1
1790468639874717999 1
1790468640058097664 1
1790468640239597960 1
1790468640430193382 1
1790468640613578824 1
1790468640821716039 1
1790468641002082909 1
1790468641187341993 1
1790468641368293629 1
1790468641563558919 1
1790468641743755451 1
1790468641924655323 1
1790468642112947998 1
1790468642296346955 1
1790468642476711019 1
1790468642659881214 1
1790468642844100591 1
1790468643026467180 1
1790468643206220245 1
1790468643398836059 1
1790468643605191503 1
1790468644820736369 0
1790468646001992414 0
1790468647184788070 0
1790468648369518659 0
1790468649557602215 0
1790468650744582344 0
1790468651932021374 0
1790468653116822526 0
1790468654310081527 0
1790468655499989758 0
1790468656686178206 0
1790468657897963050 0
1790468659085402183 0
1790468660275490435 0
1790468661453988382 0
1790468662639576996 0
1790468663822288634 0
1790468665000668484 0
1790468666185115792 0
1790468667364024226 0
1790468668550319533 0
1790468669725949687 0
1790468670918109605 0
1790468672093697314 0
1790468673271727635 0
1790468674452990532 0
1790468675637150268 0
1790468676818512565 0
1790468677997714026 0
1790468679180463687 0
1790468680357504906 0
1790468681538831455 0
1790468682713436772 0
1790468683892742178 0
1790468685073348221 0
1790468686261720313 0
1790468687442174882 0
1790468688620270662 0
1790468689797917053 0
1790468690981096062 0
1790468692194873385 0
1790468693381528167 0
1790468694563818216 0
1790468695757961975 0
1790468696947443823 0
1790468698135732736 0
1790468699318573767 0
1790468700511535801 0
1790468701693493497 0
1790468702882626967 0
1790468704062536755 0
1790468705248739337 0
1790468706447575056 0
1790468707636409274 0
1790468708821481391 0
1790468710010542184 0
1790468711191575699 0
1790468712372708069 0
1790468713558780547 0
1790468714738445225 0
1790468715921234689 0
1790468717109957551 0
1790468718294705654 0
1790468719479764661 0
1790468720656237172 0
1790468721836181347 0
1790468723018787253 0
1790468724199741482 0
1790468725378831256 0
1790468726557780373 0
1790468727734149744 0
1790468728924158021 0
1790468730144237473 0
1790468731345409137 0
1790468732540695094 0
1790468733726023149 0
1790468734916207847 0
1790468736095775022 0
1790468737280818227 0
1790468738463180531 0
1790468739650949243 0
1790468740831752121 0
1790468742021420065 0
1790468743206126877 0
1790468744389044921 0
1790468745577444509 0
1790468746759858489 0
1790468747939937167 0
1790468749122530920 0
1790468750306300732 0
1790468751495571812 0
1790468752679686892 0
1790468753857728064 0
1790468755037185051 0
1790468756221377742 0
1790468757398778064 0
1790468758577910908 0
1790468759762320622 0
1790468760949634681 0
1790468762128314871 0
1790468763307937013 0
1790468764484993158 0
1790468765675330287 0
1790468766861324845 0
1790468768041939397 0
1790468769244030088 0
1790468770423089622 0
1790468770609530357 1
1790468770794194999 1
1790468770990672671 1
1790468771181206306 1
1790468771374716312 1
1790468771555943058 1
1790468771736608015 1
1790468771917685273 1
1790468772106142661 1
1790468772289644960 1
1790468772478926388 1
1790468772664054398 1
1790468772869537093 1
1790468773052372402 1
1790468773238200989 1
1790468773420587829 1
1790468773608520788 1
1790468773797365205 1
1790468773990118545 1
1790468774171408752 1
1790468774360069043 1
1790468774547555460 1
1790468774726541599 1
1790468774923807131 1
1790468775109112538 1
1790468775302300545 1
1790468775491399346 1
1790468775681826330 1
1790468775863227720 1
1790468776054809403 1
1790468776242145661 1
1790468776431138009 1
1790468776622236019 1
1790468776806367571 1
1790468776995045891 1
1790468777185428376 1
1790468777374159261 1
1790468777555548330 1
1790468777746189235 1
1790468777934108691 1
1790468778113555053 1
1790468778300367587 1
1790468778481521229 1
1790468778663273300 1
1790468778854913876 1
1790468779040698854 1
1790468779229960692 1
1790468779415485111 1
1790468779599425450 1
1790468779787007549 1
1790468779966073515 1
1790468780147222867 1
1790468780331388774 1
1790468780511745783 1
1790468780695492336 1
1790468780890613687 1
1790468781086684521 1
1790468781270804380 1
1790468781474757889 1
1790468781663804483 1
1790468781854981996 1
1790468782034643649 1
1790468782235106004 1
1790468782418142223 1
1790468782596406624 1
1790468782782307713 1
1790468782961805462 1
1790468783145464260 1
1790468783363144627 1
1790468783571442809 1
1790468783752776851 1
1790468783930943727 1
1790468784114350992 1
1790468784299602682 1
1790468784483586368 1
1790468784665308337 1
1790468784844694365 1
1790468785027531630 1
1790468785208420638 1
1790468785391191697 1
1790468785567996996 1
1790468785747769593 1
1790468785947858445 1
1790468786126474877 1
1790468786316383522 1
1790468786500960811 1
1790468786690732549 1
1790468786885552188 1
1790468787081089581 1
1790468787266456085 1
1790468787452016582 1
1790468787630410323 1
1790468787811065202 1
1790468787993441715 1
1790468788171073635 1
1790468788350713355 1
1790468788532532593 1
1790468788725569978 1
1790468788908661412 1
1790468789087280093 1
1790468789262619196 1
1790468789440128875 1
1790468789619191234 1
1790468789794619932 1
1790468789974996421 1
1790468790152363302 1
1790468790331449967 1
1790468790517901206 1
1790468790696306844 1
1790468790881599583 1
1790468791060324290 1
1790468791241725775 1
1790468791428670157 1
1790468791610168489 1
1790468791790630591 1
1790468791979100821 1
1790468792169028402 1
1790468792362584590 1
1790468792551524191 1
1790468792729499353 1
1790468792911575692 1
1790468793087669876 1
1790468793266304981 1
1790468793454192646 1
1790468793642525708 1
1790468793830621101 1
1790468794023066011 1
1790468794255717057 1
1790468794463972963 1
1790468794685485111 1
1790468794878488580 1
1790468795078718691 1
1790468795261551272 1
1790468795444411292 1
1790468795630321617 1
1790468795813245701 1
1790468796006940062 1
1790468796185307273 1
1790468796363964440 1
1790468796551982787 1
1790468796736072556 1
1790468796917458658 1
1790468797112140858 1
1790468797295351623 1
1790468797480622439 1
1790468797668510774 1
1790468797857224135 1
1790468798048098815 1
1790468798230446951 1
1790468798409770285 1
1790468798598252969 1
1790468798782642560 1
1790468798975391862 1
1790468799153561624 1
1790468799338666575 1
1790468799516367841 1
1790468799694021406 1
1790468799882097863 1
1790468800067092118 1
1790468800253459058 1
1790468800434414634 1
1790468800619091431 1
1790468800802593873 1
1790468800989129304 1
1790468801174114761 1
1790468801357915773 1
1790468801543307582 1
1790468801723569743 1
1790468801903417161 1
1790468802081631248 1
1790468802278430398 1
1790468802461175155 1
1790468802659208895 1
1790468802869453692 1
1790468803096953437 1
1790468803279499826 1
1790468803461921159 1
1790468803657597184 1
1790468803837931030 1
1790468804024335990 1
1790468804206433562 1
1790468804393805802 1
1790468804572518369 1
1790468804762750960 1
1790468804944029177 1
1790468805126016105 1
1790468805310268173 1
1790468805490358438 1
1790468805670189837 1
1790468805858000876 1
1790468806037145052 1
1790468806221025552 1
1790468806402747078 1
1790468806586909167 1
1790468806768527304 1
1790468806951731617 1
1790468807136697091 1
1790468807315414381 1
1790468807496939658 1
1790468807679954781 1
1790468807870108252 1
1790468808056946627 1
1790468808241835425 1
1790468808428475338 1
1790468808610173592 1
1790468808789730784 1
1790468808969391768 1
1790468809149721596 1
1790468809328049832 1
1790468809509336344 1
1790468809687777871 1
1790468809871077450 1
1790468810054973634 1
1790468810238302137 1
1790468810447067507 1
1790468810650239687 1
1790468810845234979 1
1790468811043680207 1
1790468811233648629 1
1790468811416463715 1
1790468811603498264 1
1790468811788984520 1
1790468811966385492 1
1790468812142858374 1
1790468812319615329 1
1790468812498298448 1
1790468812674105539 1
1790468812850570973 1
1790468813033413475 1
1790468813231191628 1
1790468813427522326 1
1790468813624482561 1
1790468813818793098 1
1790468814012765385 1
1790468814194519026 1
1790468814374975360 1
1790468814553809459 1
1790468814734553738 1
1790468814910801500 1
1790468815088329468 1
1790468815270474927 1
1790468815446977539 1
1790468815624345375 1
1790468815808546262 1
1790468815991939434 1
1790468816177241631 1
1790468816370382409 1
1790468816554693877 1
1790468816745462483 1
1790468816937632084 1
1790468817120715511 1
1790468817302121145 1
1790468817499663060 1
1790468817693897701 1
1790468817874541178 1
1790468818060176254 1
1790468818242840173 1
1790468818423758200 1
1790468818608988684 1
1790468818801447272 1
1790468818992470148 1
1790468819180725643 1
1790468819371941725 1
1790468819559545398 1
1790468819739849294 1
1790468819915810799 1
1790468820095493507 1
1790468820278680786 1
1790468820455216252 1
1790468820631943461 1
1790468820809811542 1
1790468820986377588 1
1790468821167823268 1
1790468821354467265 1
1790468821543221812 1
1790468821721937806 1
1790468821901419631 1
1790468822082467961 1
1790468822292152832 1
1790468822469502976 1
1790468822657588736 1
1790468822864352796 1
1790468823059182127 1
1790468823259355672 1
1790468823443079944 1
1790468823629798697 1
1790468823825475739 1
1790468824010429338 1
1790468824199596702 1
1790468824399182387 1
1790468824581194883 1
1790468824763298198 1
1790468824947094996 1
1790468825130087107 1
1790468825309952050 1
1790468825495508667 1
1790468825689114683 1
1790468825880802952 1
1790468826068528802 1
1790468826254385421 1
1790468826440096468 1
1790468826661670238 1
1790468826852762794 1
1790468827037171931 1
1790468827234434406 1
1790468827435892800 1
1790468827631469629 1
1790468827831055217 1
1790468828055147752 1
1790468828260004057 1
1790468828444518239 1
1790468828623552287 1
1790468828800744798 1
1790468828981809803 1
1790468829169590826 1
1790468829393524596 1
1790468829608222084 1
1790468829822168907 1
1790468830031044642 1
1790468830265457232 1
1790468830454941558 1
1790468830642029677 1
1790468830822453038 1
1790468831003671724 1
1790468831184686534 1
1790468831384998865 1
1790468831565576365 1
1790468831743326620 1
1790468831922205970 1
1790468832109027127 1
1790468832289153663 1
1790468832465493371 1
1790468832643559551 1
1790468832822544632 1
1790468832999627262 1
1790468833174816411 1
1790468833354335769 1
1790468833532230343 1
1790468833714546146 1
1790468833906443416 1
1790468834088003677 1
1790468834273231562 1
1790468834457518204 1
1790468834647236447 1
1790468834836598919 1
1790468835020414495 1
1790468835199818925 1
1790468835432490063 1
1790468835656699915 1
1790468835852327865 1
1790468836036955303 1
1790468836238210171 1
1790468836420513207 1
1790468836606209348 1
1790468836792011670 1
1790468836976499979 1
1790468837152030677 1
1790468837342204068 1
1790468837522457520 1
1790468837709629244 1
1790468837888380710 1
1790468838068080519 1
1790468838246056469 1
1790468838435874637 1
1790468838623379003 1
1790468838832229773 1
1790468839077006766 1
1790468839278330685 1
1790468839474362709 1
1790468839660769479 1
1790468839850097890 1
1790468840045416250 1
1790468840237188029 1
1790468840415074364 1
1790468840597416097 1
1790468840781660326 1
1790468840961458792 1
1790468841141500319 1
1790468841327116593 1
1790468841504573620 1
1790468841690032369 1
1790468841877409381 1
1790468842057917070 1
1790468842241226458 1
1790468842427604565 1
1790468842611767577 1
1790468842794407549 1
1790468842988178726 1
1790468843198151772 1
1790468843403550725 1
1790468843593995638 1
1790468843777523500 1
1790468844001127559 1
1790468844199667978 1
1790468844402187967 1
1790468844612399493 1
1790468844817997265 1
1790468845016192662 1
1790468845221339214 1
1790468845419017222 1
1790468845613629567 1
1790468845796425396 1
1790468845980637676 1
1790468846169025601 1
1790468846381642709 1
1790468846565759588 1
1790468846754480397 1
1790468846953436673 1
1790468847162280743 1
1790468847357401950 1
1790468847547916538 1
1790468847734006405 1
1790468847919355059 1
1790468848126520322 1
1790468848321935649 1
1790468848515191856 1
1790468848705957328 1
1790468848898174690 1
1790468849130179384 1
1790468849319623575 1
1790468849510531488 1
1790468849717264921 1
1790468849923264685 1
1790468850116011866 1
1790468850306284991 1
1790468850501419545 1
1790468850725651058 1
1790468850956701944 1
1790468851149810431 1
1790468851338755034 1
1790468851528177309 1
1790468851719177451 1
1790468851906644038 1
1790468852084209833 1
1790468852264553153 1
1790468852443299640 1
1790468852618507714 1
1790468852804722027 1
1790468852986758674 1
1790468853166608698 1
1790468853351211503 1
1790468853533517353 1
1790468853724074110 1
1790468853927734349 1
1790468854109821163 1
1790468854322013336 1
1790468854512948236 1
1790468854718137188 1
1790468854897389321 1
1790468855074202300 1
1790468855277769625 1
1790468855457653175 1
1790468855640731044 1
1790468855826678087 1
1790468856031078762 1
1790468856234334742 1
1790468856439814812 1
1790468856630148594 1
1790468856817781853 1
1790468856993727786 1
1790468857171265982 1
1790468857353447789 1
1790468857543501589 1
1790468857731781082 1
1790468857918546209 1
1790468858112372351 1
1790468858309749508 1
1790468858497271193 1
1790468858684962238 1
1790468858879662491 1
1790468859069428100 1
1790468859250909695 1
1790468859434072017 1
1790468859613148431 1
1790468859791076061 1
1790468859980771489 1
1790468860160080592 1
1790468860342929339 1
1790468860532282293 1
1790468860724176285 1
1790468860909528042 1
1790468861097483394 1
1790468861300005682 1
1790468861502588948 1
1790468861693515116 1
1790468861884217135 1
1790468862088993326 1
1790468862281243610 1
1790468862469964082 1
1790468862657274953 1
1790468862839750401 1
1790468863040055441 1
1790468863221214516 1
1790468863413879430 1
1790468863601161399 1
1790468863801637912 1
1790468864008113839 1
1790468864194178770 1
1790468864373141513 1
1790468864560368640 1
1790468864745560389 1
1790468864928977059 1
1790468865108303259 1
1790468865294243638 1
1790468865482807733 1
1790468865676103655 1
1790468865862365681 1
1790468866046239457 1
1790468866240403562 1
1790468866461804297 1
1790468866692082635 1
1790468866914134673 1
1790468867133612666 1
1790468867328455363 1
1790468867519664760 1
1790468867718314381 1
1790468867912086679 1
1790468868109818991 1
1790468868297030070 1
1790468868482746947 1
1790468868674692278 1
1790468868875899694 1
1790468869088335785 1
1790468869284594225 1
1790468869471737429 1
1790468869667085069 1
1790468869848021000 1
1790468870031639777 1
1790468870216270180 1
1790468870395149880 1
1790468870581287927 1
1790468870772382343 1
1790468870958390305 1
1790468871140390183 1
1790468871337537439 1
1790468871524099553 1
1790468871710411895 1
1790468871895049840 1
1790468872102801955 1
1790468872293012024 1
1790468872471014040 1
1790468872652480727 1
1790468872832684207 1
1790468873033392455 1
1790468873217210880 1
1790468873429201650 1
1790468873609179978 1
1790468873793373904 1
1790468873977920675 1
1790468874165354037 1
1790468874348299794 1
1790468874530936731 1
1790468874710041420 1
1790468874889396913 1
1790468875079775197 1
1790468875266579512 1
1790468875446521224 1
1790468875620974399 1
1790468875799538273 1
1790468875993041895 1
1790468876172563232 1
1790468876360123481 1
1790468876539291114 1
1790468876718564683 1
1790468876908358278 1
1790468877094458666 1
1790468877275740387 1
1790468877458745989 1
1790468877637536077 1
1790468877814993141 1
1790468877992667547 1
1790468878172620114 1
1790468878349059864 1
1790468878534410538 1
1790468878718028892 1
1790468878907407963 1
1790468879084858859 1
1790468879263296241 1
1790468879448415450 1
1790468879625897320 1
1790468879814696154 1
1790468880013417675 1
1790468880203262204 1
1790468880386084659 1
1790468880572618393 1
1790468880753123761 1
1790468880933178208 1
1790468881117423481 1
1790468881312342118 1
1790468881498653346 1
1790468881684325755 1
1790468881866061529 1
1790468882046716954 1
1790468882229721383 1
1790468882426763060 1
1790468882617005149 1
1790468882816104842 1
1790468883017076624 1
1790468883211636726 1
1790468883406177617 1
1790468883597809727 1
1790468883779101747 1
1790468883959729784 1
1790468884149723035 1
1790468884346691996 1
1790468884562287589 1
1790468884755089541 1
1790468884942599773 1
1790468885120610370 1
1790468885318618167 1
1790468885532552143 1
1790468885734389029 1
1790468885931628196 1
1790468886107988886 1
1790468886289156552 1
1790468886473088656 1
1790468886668613902 1
1790468886848341932 1
1790468887037103077 1
1790468887238198732 1
1790468887454562488 1
1790468887656947591 1
1790468887869344858 1
1790468888173527941 1
1790468888397925572 1
1790468888575481886 1
1790468888758404401 1
1790468888937137136 1
1790468889117686617 1
1790468889291532483 1
1790468889470747133 1
1790468889646977652 1
1790468889828421124 1
1790468890010644487 1
1790468890189182485 1
1790468890372549839 1
1790468890551372492 1
1790468890742943335 1
1790468890924107034 1
1790468891111595877 1
1790468891300552973 1
1790468891479557709 1
1790468891664413697 1
1790468891843220275 1
1790468892036062705 1
1790468892240022845 1
1790468892430685146 1
1790468892633735820 1
1790468892824509110 1
1790468893017735219 1
1790468893227326971 1
1790468893429366755 1
1790468893629335770 1
1790468893829685308 1
1790468894018483858 1
1790468894216700266 1
1790468894402674521 1
1790468894599900517 1
1790468895021455785 1
1790468895232809017 1
1790468895451303116 1
1790468895678556813 1
1790468895869600213 1
1790468896143473602 1
1790468896485983400 1
1790468896912621784 1
1790468897196562505 1
1790468897437760933 1
1790468897735791048 1
1790468897970396448 1
1790468898174141257 1
1790468898369373318 1
1790468898566247111 1
1790468898794217656 1
1790468898980453910 1
1790468899174771722 1
1790468899378283449 1
1790468899580216766 1
1790468899775689674 1
1790468899996762316 1
1790468900183167887 1
1790468900366173387 1
1790468900540504172 1
1790468900721269381 1
1790468900928672198 1
1790468901130538477 1
1790468901347740508 1
1790468901549156892 1
1790468901730469387 1
1790468901926090156 1
1790468902106700799 1
1790468902281096167 1
1790468902468628157 1
1790468902656463871 1
1790468902833459340 1
1790468903016936141 1
1790468903206670285 1
1790468903410796247 1
1790468903613290790 1
1790468903835853968 1
